[ZSON3 LAUNCH] geometry_frontier_v1 probe run_id=ofbase_geometry_frontier_v1_probe56_seed20260727 probe_sha256=b5ef398f4ab79f3fa25a6bde16e7975dc06be38fe00c3a0e567ef3e0ee6919e6 source_sha256=c7ef8f4bcc42a54d29932c71ff6371e46bccb8e720ad9afaa9f89df2e6271374
[ZSON3 EVAL] start dataset=HM3Dv2-val seed=20260727 episodes=56 mode=explicit_manifest resume_from=0 qwen_attention=unknown
[ZSON3 EVAL] 1/56 scene=BAbdmeyTvMZ.basis episode=27 target=toilet success=0 spl=0.0000 reason=max_steps_reached steps=494 runtime=258.6s SR=0.00% (0/1) mean_SPL=0.0000 SR@0.1m(ref)=0.00% SPL@0.1m(ref)=0.0000
[ZSON3 EVAL] 2/56 scene=bCPU9suPUw9.basis episode=22 target=toilet success=0 spl=0.0000 reason=max_steps_reached steps=492 runtime=207.4s SR=0.00% (0/2) mean_SPL=0.0000 SR@0.1m(ref)=0.00% SPL@0.1m(ref)=0.0000
[ZSON3 EVAL] 3/56 scene=eF36g7L6Z9M.basis episode=1 target=tv_monitor success=0 spl=0.0000 reason=max_steps_reached steps=494 runtime=251.1s SR=0.00% (0/3) mean_SPL=0.0000 SR@0.1m(ref)=0.00% SPL@0.1m(ref)=0.0000
[ZSON3 EVAL] 4/56 scene=BAbdmeyTvMZ.basis episode=4 target=bed success=0 spl=0.0000 reason=robot_stuck steps=236 runtime=251.6s SR=0.00% (0/4) mean_SPL=0.0000 SR@0.1m(ref)=0.00% SPL@0.1m(ref)=0.0000
[ZSON3 EVAL] 5/56 scene=eF36g7L6Z9M.basis episode=20 target=bed success=0 spl=0.0000 reason=max_steps_reached steps=483 runtime=569.1s SR=0.00% (0/5) mean_SPL=0.0000 SR@0.1m(ref)=0.00% SPL@0.1m(ref)=0.0000
[ZSON3 EVAL] 6/56 scene=mv2HUxq3B53.basis episode=2 target=bed success=1 spl=0.2370 reason=object_found steps=330 runtime=291.9s SR=16.67% (1/6) mean_SPL=0.0395 SR@0.1m(ref)=16.67% SPL@0.1m(ref)=0.0395
[ZSON3 EVAL] 7/56 scene=7MXmsvcQjpJ.basis episode=19 target=toilet success=0 spl=0.0000 reason=max_steps_reached steps=491 runtime=405.9s SR=14.29% (1/7) mean_SPL=0.0339 SR@0.1m(ref)=14.29% SPL@0.1m(ref)=0.0339
[ZSON3 EVAL] 8/56 scene=DYehNKdT76V.basis episode=14 target=bed success=0 spl=0.0000 reason=max_steps_reached steps=498 runtime=307.0s SR=12.50% (1/8) mean_SPL=0.0296 SR@0.1m(ref)=12.50% SPL@0.1m(ref)=0.0296
[ZSON3 EVAL] 9/56 scene=GLAQ4DNUx5U.basis episode=13 target=toilet success=0 spl=0.0000 reason=max_steps_reached steps=496 runtime=317.0s SR=11.11% (1/9) mean_SPL=0.0263 SR@0.1m(ref)=11.11% SPL@0.1m(ref)=0.0263
[ZSON3 EVAL] 10/56 scene=LT9Jq6dN3Ea.basis episode=15 target=toilet success=0 spl=0.0000 reason=max_steps_reached steps=498 runtime=332.8s SR=10.00% (1/10) mean_SPL=0.0237 SR@0.1m(ref)=10.00% SPL@0.1m(ref)=0.0237
[ZSON3 EVAL] 11/56 scene=Nfvxx8J5NCo.basis episode=14 target=toilet success=0 spl=0.0000 reason=max_steps_reached steps=498 runtime=159.6s SR=9.09% (1/11) mean_SPL=0.0215 SR@0.1m(ref)=9.09% SPL@0.1m(ref)=0.0215
[ZSON3 EVAL] 12/56 scene=TEEsavR23oF.basis episode=13 target=toilet success=0 spl=0.0000 reason=max_steps_reached steps=499 runtime=675.7s SR=8.33% (1/12) mean_SPL=0.0198 SR@0.1m(ref)=8.33% SPL@0.1m(ref)=0.0198
[ZSON3 EVAL] 13/56 scene=XB4GS9ShBRE.basis episode=7 target=toilet success=0 spl=0.0000 reason=max_steps_reached steps=479 runtime=213.1s SR=7.69% (1/13) mean_SPL=0.0182 SR@0.1m(ref)=7.69% SPL@0.1m(ref)=0.0182
[ZSON3 EVAL] 14/56 scene=eF36g7L6Z9M.basis episode=18 target=toilet success=0 spl=0.0000 reason=max_steps_reached steps=500 runtime=1249.7s SR=7.14% (1/14) mean_SPL=0.0169 SR@0.1m(ref)=7.14% SPL@0.1m(ref)=0.0169
[ZSON3 EVAL] 15/56 scene=h1zeeAwLh9Z.basis episode=11 target=toilet success=0 spl=0.0000 reason=max_steps_reached steps=493 runtime=646.2s SR=6.67% (1/15) mean_SPL=0.0158 SR@0.1m(ref)=6.67% SPL@0.1m(ref)=0.0158
[ZSON3 EVAL] 16/56 scene=p53SfW6mjZe.basis episode=8 target=toilet success=0 spl=0.0000 reason=max_steps_reached steps=494 runtime=514.8s SR=6.25% (1/16) mean_SPL=0.0148 SR@0.1m(ref)=6.25% SPL@0.1m(ref)=0.0148
[ZSON3 EVAL] 17/56 scene=q5QZSEeHe5g.basis episode=4 target=toilet success=1 spl=0.3685 reason=object_found steps=280 runtime=300.0s SR=11.76% (2/17) mean_SPL=0.0356 SR@0.1m(ref)=5.88% SPL@0.1m(ref)=0.0139
[ZSON3 EVAL] 18/56 scene=wcojb4TFT35.basis episode=7 target=toilet success=0 spl=0.0000 reason=max_steps_reached steps=499 runtime=325.9s SR=11.11% (2/18) mean_SPL=0.0336 SR@0.1m(ref)=5.56% SPL@0.1m(ref)=0.0132
[ZSON3 EVAL] 19/56 scene=6s7QHgap2fW.basis episode=10 target=tv_monitor success=0 spl=0.0000 reason=max_steps_reached steps=500 runtime=267.7s SR=10.53% (2/19) mean_SPL=0.0319 SR@0.1m(ref)=5.26% SPL@0.1m(ref)=0.0125
[ZSON3 EVAL] 20/56 scene=BAbdmeyTvMZ.basis episode=1 target=tv_monitor success=0 spl=0.0000 reason=max_steps_reached steps=497 runtime=486.7s SR=10.00% (2/20) mean_SPL=0.0303 SR@0.1m(ref)=5.00% SPL@0.1m(ref)=0.0119
[ZSON3 EVAL] 21/56 scene=HY1NcmCgn3n.basis episode=10 target=tv_monitor success=0 spl=0.0000 reason=max_steps_reached steps=496 runtime=815.2s SR=9.52% (2/21) mean_SPL=0.0288 SR@0.1m(ref)=4.76% SPL@0.1m(ref)=0.0113
[ZSON3 EVAL] 22/56 scene=HY1NcmCgn3n.basis episode=17 target=tv_monitor success=0 spl=0.0000 reason=max_steps_reached steps=500 runtime=637.2s SR=9.09% (2/22) mean_SPL=0.0275 SR@0.1m(ref)=4.55% SPL@0.1m(ref)=0.0108
[ZSON3 EVAL] 23/56 scene=7MXmsvcQjpJ.basis episode=14 target=plant success=0 spl=0.0000 reason=exception steps=498 runtime=481.9s SR=8.70% (2/23) mean_SPL=0.0263 SR@0.1m(ref)=4.35% SPL@0.1m(ref)=0.0103
[ZSON3 EVAL] 24/56 scene=CrMo8WxCyVb.basis episode=0 target=plant success=1 spl=0.2300 reason=object_found steps=488 runtime=459.8s SR=12.50% (3/24) mean_SPL=0.0348 SR@0.1m(ref)=8.33% SPL@0.1m(ref)=0.0195
[ZSON3 EVAL] 25/56 scene=mv2HUxq3B53.basis episode=27 target=plant success=1 spl=0.4476 reason=object_found steps=114 runtime=48.1s SR=16.00% (4/25) mean_SPL=0.0513 SR@0.1m(ref)=12.00% SPL@0.1m(ref)=0.0366
[ZSON3 EVAL] 26/56 scene=wcojb4TFT35.basis episode=10 target=plant success=1 spl=0.1978 reason=object_found steps=424 runtime=269.6s SR=19.23% (5/26) mean_SPL=0.0570 SR@0.1m(ref)=11.54% SPL@0.1m(ref)=0.0352
[ZSON3 EVAL] 27/56 scene=p53SfW6mjZe.basis episode=18 target=chair success=0 spl=0.0000 reason=max_steps_reached steps=500 runtime=1033.9s SR=18.52% (5/27) mean_SPL=0.0549 SR@0.1m(ref)=11.11% SPL@0.1m(ref)=0.0339
[ZSON3 EVAL] 28/56 scene=bCPU9suPUw9.basis episode=21 target=sofa success=0 spl=0.0000 reason=max_steps_reached steps=492 runtime=285.3s SR=17.86% (5/28) mean_SPL=0.0529 SR@0.1m(ref)=10.71% SPL@0.1m(ref)=0.0327
[ZSON3 EVAL] 29/56 scene=mv2HUxq3B53.basis episode=12 target=bed success=1 spl=0.3499 reason=object_found steps=73 runtime=154.7s SR=20.69% (6/29) mean_SPL=0.0631 SR@0.1m(ref)=13.79% SPL@0.1m(ref)=0.0436
[ZSON3 EVAL] 30/56 scene=BAbdmeyTvMZ.basis episode=2 target=bed success=1 spl=0.4836 reason=object_found steps=186 runtime=86.4s SR=23.33% (7/30) mean_SPL=0.0771 SR@0.1m(ref)=13.33% SPL@0.1m(ref)=0.0422
[ZSON3 EVAL] 31/56 scene=eF36g7L6Z9M.basis episode=2 target=bed success=0 spl=0.0000 reason=robot_stuck steps=297 runtime=210.8s SR=22.58% (7/31) mean_SPL=0.0747 SR@0.1m(ref)=12.90% SPL@0.1m(ref)=0.0408
[ZSON3 EVAL] 32/56 scene=DYehNKdT76V.basis episode=10 target=bed success=1 spl=0.4933 reason=object_found steps=326 runtime=209.5s SR=25.00% (8/32) mean_SPL=0.0877 SR@0.1m(ref)=12.50% SPL@0.1m(ref)=0.0395
[ZSON3 EVAL] 33/56 scene=p53SfW6mjZe.basis episode=4 target=chair success=1 spl=0.6514 reason=object_found steps=111 runtime=108.0s SR=27.27% (9/33) mean_SPL=0.1048 SR@0.1m(ref)=15.15% SPL@0.1m(ref)=0.0581
[ZSON3 EVAL] 34/56 scene=mv2HUxq3B53.basis episode=19 target=plant success=1 spl=0.3236 reason=object_found steps=52 runtime=40.4s SR=29.41% (10/34) mean_SPL=0.1113 SR@0.1m(ref)=17.65% SPL@0.1m(ref)=0.0659
[ZSON3 EVAL] 35/56 scene=DYehNKdT76V.basis episode=5 target=plant success=0 spl=0.0000 reason=max_steps_reached steps=487 runtime=317.6s SR=28.57% (10/35) mean_SPL=0.1081 SR@0.1m(ref)=17.14% SPL@0.1m(ref)=0.0640
[ZSON3 EVAL] 36/56 scene=CrMo8WxCyVb.basis episode=11 target=plant success=0 spl=0.0000 reason=max_steps_reached steps=486 runtime=446.4s SR=27.78% (10/36) mean_SPL=0.1051 SR@0.1m(ref)=16.67% SPL@0.1m(ref)=0.0622
[ZSON3 EVAL] 37/56 scene=mv2HUxq3B53.basis episode=7 target=plant success=1 spl=0.1355 reason=object_found steps=188 runtime=190.5s SR=29.73% (11/37) mean_SPL=0.1059 SR@0.1m(ref)=18.92% SPL@0.1m(ref)=0.0642
[ZSON3 EVAL] 38/56 scene=bCPU9suPUw9.basis episode=20 target=sofa success=1 spl=0.7473 reason=object_found steps=39 runtime=36.1s SR=31.58% (12/38) mean_SPL=0.1228 SR@0.1m(ref)=21.05% SPL@0.1m(ref)=0.0822
[ZSON3 EVAL] 39/56 scene=Nfvxx8J5NCo.basis episode=5 target=toilet success=1 spl=0.5821 reason=object_found steps=35 runtime=21.0s SR=33.33% (13/39) mean_SPL=0.1346 SR@0.1m(ref)=20.51% SPL@0.1m(ref)=0.0801
[ZSON3 EVAL] 40/56 scene=7MXmsvcQjpJ.basis episode=6 target=toilet success=1 spl=0.3311 reason=object_found steps=287 runtime=95.2s SR=35.00% (14/40) mean_SPL=0.1395 SR@0.1m(ref)=22.50% SPL@0.1m(ref)=0.0863
[ZSON3 EVAL] 41/56 scene=p53SfW6mjZe.basis episode=2 target=toilet success=1 spl=0.8684 reason=object_found steps=74 runtime=43.8s SR=36.59% (15/41) mean_SPL=0.1572 SR@0.1m(ref)=21.95% SPL@0.1m(ref)=0.0842
[ZSON3 EVAL] 42/56 scene=wcojb4TFT35.basis episode=8 target=toilet success=1 spl=0.2239 reason=object_found steps=260 runtime=160.0s SR=38.10% (16/42) mean_SPL=0.1588 SR@0.1m(ref)=21.43% SPL@0.1m(ref)=0.0822
[ZSON3 EVAL] 43/56 scene=bCPU9suPUw9.basis episode=14 target=toilet success=1 spl=0.3155 reason=object_found steps=374 runtime=255.8s SR=39.53% (17/43) mean_SPL=0.1625 SR@0.1m(ref)=23.26% SPL@0.1m(ref)=0.0877
[ZSON3 EVAL] 44/56 scene=BAbdmeyTvMZ.basis episode=15 target=toilet success=0 spl=0.0000 reason=max_steps_reached steps=494 runtime=430.6s SR=38.64% (17/44) mean_SPL=0.1588 SR@0.1m(ref)=22.73% SPL@0.1m(ref)=0.0857
[ZSON3 EVAL] 45/56 scene=GLAQ4DNUx5U.basis episode=7 target=toilet success=1 spl=0.4509 reason=object_found steps=140 runtime=161.7s SR=40.00% (18/45) mean_SPL=0.1653 SR@0.1m(ref)=24.44% SPL@0.1m(ref)=0.0938
[ZSON3 EVAL] 46/56 scene=LT9Jq6dN3Ea.basis episode=18 target=toilet success=1 spl=0.2474 reason=object_found steps=163 runtime=141.9s SR=41.30% (19/46) mean_SPL=0.1671 SR@0.1m(ref)=23.91% SPL@0.1m(ref)=0.0917
[ZSON3 EVAL] 47/56 scene=eF36g7L6Z9M.basis episode=26 target=toilet success=1 spl=0.4838 reason=object_found steps=330 runtime=187.5s SR=42.55% (20/47) mean_SPL=0.1738 SR@0.1m(ref)=25.53% SPL@0.1m(ref)=0.1001
[ZSON3 EVAL] 48/56 scene=bCPU9suPUw9.basis episode=26 target=toilet success=0 spl=0.0000 reason=max_steps_reached steps=499 runtime=147.0s SR=41.67% (20/48) mean_SPL=0.1702 SR@0.1m(ref)=25.00% SPL@0.1m(ref)=0.0980
[ZSON3 EVAL] 49/56 scene=GLAQ4DNUx5U.basis episode=25 target=toilet success=0 spl=0.0000 reason=max_steps_reached steps=496 runtime=247.7s SR=40.82% (20/49) mean_SPL=0.1667 SR@0.1m(ref)=24.49% SPL@0.1m(ref)=0.0960
[ZSON3 EVAL] 50/56 scene=LT9Jq6dN3Ea.basis episode=27 target=toilet success=1 spl=0.1849 reason=object_found steps=363 runtime=393.7s SR=42.00% (21/50) mean_SPL=0.1671 SR@0.1m(ref)=26.00% SPL@0.1m(ref)=0.0978
[ZSON3 EVAL] 51/56 scene=q5QZSEeHe5g.basis episode=12 target=toilet success=1 spl=0.1603 reason=object_found steps=402 runtime=399.8s SR=43.14% (22/51) mean_SPL=0.1669 SR@0.1m(ref)=25.49% SPL@0.1m(ref)=0.0959
[ZSON3 EVAL] 52/56 scene=svBbv1Pavdk.basis episode=4 target=tv_monitor success=1 spl=0.7196 reason=object_found steps=21 runtime=14.6s SR=44.23% (23/52) mean_SPL=0.1776 SR@0.1m(ref)=26.92% SPL@0.1m(ref)=0.1078
[ZSON3 EVAL] 53/56 scene=Nfvxx8J5NCo.basis episode=22 target=tv_monitor success=1 spl=0.7202 reason=object_found steps=24 runtime=15.3s SR=45.28% (24/53) mean_SPL=0.1878 SR@0.1m(ref)=26.42% SPL@0.1m(ref)=0.1058
[ZSON3 EVAL] 54/56 scene=QaLdnwvtxbs.basis episode=11 target=tv_monitor success=1 spl=0.2182 reason=object_found steps=102 runtime=65.4s SR=46.30% (25/54) mean_SPL=0.1884 SR@0.1m(ref)=25.93% SPL@0.1m(ref)=0.1039
[ZSON3 EVAL] 55/56 scene=4ok3usBNeis.basis episode=24 target=tv_monitor success=1 spl=0.5875 reason=object_found steps=128 runtime=99.8s SR=47.27% (26/55) mean_SPL=0.1956 SR@0.1m(ref)=27.27% SPL@0.1m(ref)=0.1126
[ZSON3 EVAL] 56/56 scene=eF36g7L6Z9M.basis episode=5 target=tv_monitor success=0 spl=0.0000 reason=max_steps_reached steps=493 runtime=313.9s SR=46.43% (26/56) mean_SPL=0.1921 SR@0.1m(ref)=26.79% SPL@0.1m(ref)=0.1106
[ZSON3 SUMMARY] episodes=56 SR=46.43% SPL=0.1921 SR@0.1m(ref)=26.79% SPL@0.1m(ref)=0.1106 exceptions=1
