[ZSON3 LAUNCH] target_closure_safe_v1 probe64 run_id=ofbase_target_closure_safe_v1_probe64_seed20260727 manifest_sha256=175d96e14341aa6c73e7178e4c5b654492716081c5d39cf92831b443a551af4e
[ZSON3 EVAL] start dataset=HM3Dv2-val seed=20260727 episodes=64 mode=explicit_manifest resume_from=0 qwen_attention=unknown
[ZSON3 EVAL] 1/64 scene=6s7QHgap2fW.basis episode=3 target=toilet success=0 spl=0.0000 reason=false_positive steps=138 runtime=89.2s SR=0.00% (0/1) mean_SPL=0.0000 SR@0.1m(ref)=0.00% SPL@0.1m(ref)=0.0000
[ZSON3 EVAL] 2/64 scene=eF36g7L6Z9M.basis episode=9 target=sofa success=0 spl=0.0000 reason=false_positive steps=7 runtime=8.5s SR=0.00% (0/2) mean_SPL=0.0000 SR@0.1m(ref)=0.00% SPL@0.1m(ref)=0.0000
[ZSON3 EVAL] 3/64 scene=mv2HUxq3B53.basis episode=23 target=tv_monitor success=0 spl=0.0000 reason=false_positive steps=18 runtime=15.7s SR=0.00% (0/3) mean_SPL=0.0000 SR@0.1m(ref)=0.00% SPL@0.1m(ref)=0.0000
[ZSON3 EVAL] 4/64 scene=mL8ThkuaVTM.basis episode=3 target=plant success=0 spl=0.0000 reason=false_positive steps=21 runtime=18.9s SR=0.00% (0/4) mean_SPL=0.0000 SR@0.1m(ref)=0.00% SPL@0.1m(ref)=0.0000
[ZSON3 EVAL] 5/64 scene=q3zU7Yy5E5s.basis episode=0 target=bed success=0 spl=0.0000 reason=false_positive steps=8 runtime=9.7s SR=0.00% (0/5) mean_SPL=0.0000 SR@0.1m(ref)=0.00% SPL@0.1m(ref)=0.0000
[ZSON3 EVAL] 6/64 scene=7MXmsvcQjpJ.basis episode=10 target=chair success=0 spl=0.0000 reason=false_positive steps=13 runtime=8.6s SR=0.00% (0/6) mean_SPL=0.0000 SR@0.1m(ref)=0.00% SPL@0.1m(ref)=0.0000
[ZSON3 EVAL] 7/64 scene=svBbv1Pavdk.basis episode=2 target=toilet success=0 spl=0.0000 reason=false_positive steps=421 runtime=341.2s SR=0.00% (0/7) mean_SPL=0.0000 SR@0.1m(ref)=0.00% SPL@0.1m(ref)=0.0000
[ZSON3 EVAL] 8/64 scene=ziup5kvtCCR.basis episode=15 target=sofa success=0 spl=0.0000 reason=false_positive steps=235 runtime=146.7s SR=0.00% (0/8) mean_SPL=0.0000 SR@0.1m(ref)=0.00% SPL@0.1m(ref)=0.0000
[ZSON3 EVAL] 9/64 scene=yr17PDCnDDW.basis episode=27 target=tv_monitor success=0 spl=0.0000 reason=false_positive steps=322 runtime=638.1s SR=0.00% (0/9) mean_SPL=0.0000 SR@0.1m(ref)=0.00% SPL@0.1m(ref)=0.0000
[ZSON3 EVAL] 10/64 scene=q5QZSEeHe5g.basis episode=26 target=plant success=0 spl=0.0000 reason=false_positive steps=420 runtime=300.0s SR=0.00% (0/10) mean_SPL=0.0000 SR@0.1m(ref)=0.00% SPL@0.1m(ref)=0.0000
[ZSON3 EVAL] 11/64 scene=MHPLjHsuG27.basis episode=25 target=bed success=0 spl=0.0000 reason=false_positive steps=20 runtime=21.2s SR=0.00% (0/11) mean_SPL=0.0000 SR@0.1m(ref)=0.00% SPL@0.1m(ref)=0.0000
[ZSON3 EVAL] 12/64 scene=bxsVRursffK.basis episode=7 target=chair success=0 spl=0.0000 reason=false_positive steps=404 runtime=282.0s SR=0.00% (0/12) mean_SPL=0.0000 SR@0.1m(ref)=0.00% SPL@0.1m(ref)=0.0000
[ZSON3 EVAL] 13/64 scene=QaLdnwvtxbs.basis episode=27 target=tv_monitor success=0 spl=0.0000 reason=false_positive steps=70 runtime=46.1s SR=0.00% (0/13) mean_SPL=0.0000 SR@0.1m(ref)=0.00% SPL@0.1m(ref)=0.0000
[ZSON3 EVAL] 14/64 scene=MHPLjHsuG27.basis episode=26 target=bed success=0 spl=0.0000 reason=false_positive steps=16 runtime=13.6s SR=0.00% (0/14) mean_SPL=0.0000 SR@0.1m(ref)=0.00% SPL@0.1m(ref)=0.0000
[ZSON3 EVAL] 15/64 scene=HY1NcmCgn3n.basis episode=3 target=plant success=0 spl=0.0000 reason=false_positive steps=115 runtime=84.7s SR=0.00% (0/15) mean_SPL=0.0000 SR@0.1m(ref)=0.00% SPL@0.1m(ref)=0.0000
[ZSON3 EVAL] 16/64 scene=Dd4bFSTQ8gi.basis episode=1 target=chair success=0 spl=0.0000 reason=false_positive steps=26 runtime=38.1s SR=0.00% (0/16) mean_SPL=0.0000 SR@0.1m(ref)=0.00% SPL@0.1m(ref)=0.0000
[ZSON3 EVAL] 17/64 scene=qyAac8rV8Zk.basis episode=16 target=sofa success=0 spl=0.0000 reason=false_positive steps=17 runtime=16.4s SR=0.00% (0/17) mean_SPL=0.0000 SR@0.1m(ref)=0.00% SPL@0.1m(ref)=0.0000
[ZSON3 EVAL] 18/64 scene=4ok3usBNeis.basis episode=0 target=bed success=0 spl=0.0000 reason=false_positive steps=366 runtime=241.9s SR=0.00% (0/18) mean_SPL=0.0000 SR@0.1m(ref)=0.00% SPL@0.1m(ref)=0.0000
[ZSON3 EVAL] 19/64 scene=cvZr5TUy5C5.basis episode=16 target=plant success=0 spl=0.0000 reason=false_positive steps=120 runtime=84.8s SR=0.00% (0/19) mean_SPL=0.0000 SR@0.1m(ref)=0.00% SPL@0.1m(ref)=0.0000
[ZSON3 EVAL] 20/64 scene=TEEsavR23oF.basis episode=26 target=chair success=0 spl=0.0000 reason=false_positive steps=29 runtime=27.8s SR=0.00% (0/20) mean_SPL=0.0000 SR@0.1m(ref)=0.00% SPL@0.1m(ref)=0.0000
[ZSON3 EVAL] 21/64 scene=yr17PDCnDDW.basis episode=17 target=sofa success=0 spl=0.0000 reason=false_positive steps=201 runtime=341.0s SR=0.00% (0/21) mean_SPL=0.0000 SR@0.1m(ref)=0.00% SPL@0.1m(ref)=0.0000
[ZSON3 EVAL] 22/64 scene=q3zU7Yy5E5s.basis episode=1 target=bed success=0 spl=0.0000 reason=false_positive steps=79 runtime=35.5s SR=0.00% (0/22) mean_SPL=0.0000 SR@0.1m(ref)=0.00% SPL@0.1m(ref)=0.0000
[ZSON3 EVAL] 23/64 scene=eF36g7L6Z9M.basis episode=8 target=plant success=0 spl=0.0000 reason=false_positive steps=340 runtime=205.6s SR=0.00% (0/23) mean_SPL=0.0000 SR@0.1m(ref)=0.00% SPL@0.1m(ref)=0.0000
[ZSON3 EVAL] 24/64 scene=mv2HUxq3B53.basis episode=6 target=chair success=0 spl=0.0000 reason=false_positive steps=168 runtime=106.2s SR=0.00% (0/24) mean_SPL=0.0000 SR@0.1m(ref)=0.00% SPL@0.1m(ref)=0.0000
[ZSON3 EVAL] 25/64 scene=svBbv1Pavdk.basis episode=20 target=chair success=0 spl=0.0000 reason=max_steps_reached steps=479 runtime=159.9s SR=0.00% (0/25) mean_SPL=0.0000 SR@0.1m(ref)=0.00% SPL@0.1m(ref)=0.0000
[ZSON3 EVAL] 26/64 scene=ziup5kvtCCR.basis episode=0 target=plant success=0 spl=0.0000 reason=max_steps_reached steps=497 runtime=322.4s SR=0.00% (0/26) mean_SPL=0.0000 SR@0.1m(ref)=0.00% SPL@0.1m(ref)=0.0000
[ZSON3 EVAL] 27/64 scene=qyAac8rV8Zk.basis episode=25 target=bed success=0 spl=0.0000 reason=robot_stuck steps=244 runtime=107.6s SR=0.00% (0/27) mean_SPL=0.0000 SR@0.1m(ref)=0.00% SPL@0.1m(ref)=0.0000
[ZSON3 EVAL] 28/64 scene=zt1RVoi7PcG.basis episode=17 target=tv_monitor success=0 spl=0.0000 reason=robot_stuck steps=268 runtime=148.7s SR=0.00% (0/28) mean_SPL=0.0000 SR@0.1m(ref)=0.00% SPL@0.1m(ref)=0.0000
[ZSON3 EVAL] 29/64 scene=a8BtkwhxdRV.basis episode=17 target=toilet success=0 spl=0.0000 reason=robot_stuck steps=259 runtime=81.5s SR=0.00% (0/29) mean_SPL=0.0000 SR@0.1m(ref)=0.00% SPL@0.1m(ref)=0.0000
[ZSON3 EVAL] 30/64 scene=k1cupFYWXJ6.basis episode=1 target=sofa success=0 spl=0.0000 reason=max_steps_reached steps=460 runtime=137.6s SR=0.00% (0/30) mean_SPL=0.0000 SR@0.1m(ref)=0.00% SPL@0.1m(ref)=0.0000
[ZSON3 EVAL] 31/64 scene=qyAac8rV8Zk.basis episode=17 target=bed success=0 spl=0.0000 reason=max_steps_reached steps=464 runtime=183.2s SR=0.00% (0/31) mean_SPL=0.0000 SR@0.1m(ref)=0.00% SPL@0.1m(ref)=0.0000
[ZSON3 EVAL] 32/64 scene=p53SfW6mjZe.basis episode=19 target=tv_monitor success=0 spl=0.0000 reason=max_steps_reached steps=498 runtime=312.0s SR=0.00% (0/32) mean_SPL=0.0000 SR@0.1m(ref)=0.00% SPL@0.1m(ref)=0.0000
[ZSON3 EVAL] 33/64 scene=svBbv1Pavdk.basis episode=4 target=tv_monitor success=1 spl=0.7196 reason=object_found steps=21 runtime=14.1s SR=3.03% (1/33) mean_SPL=0.0218 SR@0.1m(ref)=3.03% SPL@0.1m(ref)=0.0218
[ZSON3 EVAL] 34/64 scene=VBzV5z6i1WS.basis episode=13 target=chair success=1 spl=0.4683 reason=object_found steps=30 runtime=22.3s SR=5.88% (2/34) mean_SPL=0.0349 SR@0.1m(ref)=5.88% SPL@0.1m(ref)=0.0349
[ZSON3 EVAL] 35/64 scene=HY1NcmCgn3n.basis episode=6 target=plant success=1 spl=1.0000 reason=object_found steps=29 runtime=25.3s SR=8.57% (3/35) mean_SPL=0.0625 SR@0.1m(ref)=5.71% SPL@0.1m(ref)=0.0339
[ZSON3 EVAL] 36/64 scene=4ok3usBNeis.basis episode=5 target=toilet success=1 spl=0.9101 reason=object_found steps=35 runtime=25.8s SR=11.11% (4/36) mean_SPL=0.0861 SR@0.1m(ref)=5.56% SPL@0.1m(ref)=0.0330
[ZSON3 EVAL] 37/64 scene=cvZr5TUy5C5.basis episode=27 target=bed success=1 spl=0.7655 reason=object_found steps=27 runtime=16.8s SR=13.51% (5/37) mean_SPL=0.1044 SR@0.1m(ref)=8.11% SPL@0.1m(ref)=0.0528
[ZSON3 EVAL] 38/64 scene=5cdEh9F2hJL.basis episode=12 target=sofa success=1 spl=0.7132 reason=object_found steps=20 runtime=23.8s SR=15.79% (6/38) mean_SPL=0.1204 SR@0.1m(ref)=7.89% SPL@0.1m(ref)=0.0514
[ZSON3 EVAL] 39/64 scene=Nfvxx8J5NCo.basis episode=10 target=tv_monitor success=1 spl=0.2843 reason=object_found steps=231 runtime=147.4s SR=17.95% (7/39) mean_SPL=0.1246 SR@0.1m(ref)=7.69% SPL@0.1m(ref)=0.0501
[ZSON3 EVAL] 40/64 scene=CrMo8WxCyVb.basis episode=25 target=chair success=1 spl=0.2654 reason=object_found steps=223 runtime=243.6s SR=20.00% (8/40) mean_SPL=0.1282 SR@0.1m(ref)=10.00% SPL@0.1m(ref)=0.0555
[ZSON3 EVAL] 41/64 scene=eF36g7L6Z9M.basis episode=10 target=plant success=1 spl=0.4098 reason=object_found steps=381 runtime=416.0s SR=21.95% (9/41) mean_SPL=0.1350 SR@0.1m(ref)=9.76% SPL@0.1m(ref)=0.0541
[ZSON3 EVAL] 42/64 scene=6s7QHgap2fW.basis episode=25 target=toilet success=1 spl=0.2302 reason=object_found steps=444 runtime=180.1s SR=23.81% (10/42) mean_SPL=0.1373 SR@0.1m(ref)=9.52% SPL@0.1m(ref)=0.0528
[ZSON3 EVAL] 43/64 scene=p53SfW6mjZe.basis episode=15 target=bed success=1 spl=0.1541 reason=object_found steps=488 runtime=386.1s SR=25.58% (11/43) mean_SPL=0.1377 SR@0.1m(ref)=11.63% SPL@0.1m(ref)=0.0552
[ZSON3 EVAL] 44/64 scene=mL8ThkuaVTM.basis episode=20 target=sofa success=1 spl=0.2044 reason=object_found steps=453 runtime=204.3s SR=27.27% (12/44) mean_SPL=0.1392 SR@0.1m(ref)=11.36% SPL@0.1m(ref)=0.0539
[ZSON3 EVAL] 45/64 scene=QaLdnwvtxbs.basis episode=3 target=tv_monitor success=1 spl=0.4640 reason=object_found steps=39 runtime=23.8s SR=28.89% (13/45) mean_SPL=0.1464 SR@0.1m(ref)=11.11% SPL@0.1m(ref)=0.0527
[ZSON3 EVAL] 46/64 scene=a8BtkwhxdRV.basis episode=11 target=plant success=1 spl=0.8453 reason=object_found steps=19 runtime=24.2s SR=30.43% (14/46) mean_SPL=0.1616 SR@0.1m(ref)=13.04% SPL@0.1m(ref)=0.0700
[ZSON3 EVAL] 47/64 scene=4ok3usBNeis.basis episode=1 target=toilet success=1 spl=0.7602 reason=object_found steps=52 runtime=29.4s SR=31.91% (15/47) mean_SPL=0.1743 SR@0.1m(ref)=14.89% SPL@0.1m(ref)=0.0846
[ZSON3 EVAL] 48/64 scene=Dd4bFSTQ8gi.basis episode=25 target=sofa success=1 spl=0.6906 reason=object_found steps=21 runtime=18.2s SR=33.33% (16/48) mean_SPL=0.1851 SR@0.1m(ref)=16.67% SPL@0.1m(ref)=0.0973
[ZSON3 EVAL] 49/64 scene=XB4GS9ShBRE.basis episode=10 target=bed success=1 spl=1.0000 reason=object_found steps=25 runtime=12.8s SR=34.69% (17/49) mean_SPL=0.2017 SR@0.1m(ref)=16.33% SPL@0.1m(ref)=0.0953
[ZSON3 EVAL] 50/64 scene=DYehNKdT76V.basis episode=9 target=chair success=1 spl=0.6526 reason=object_found steps=410 runtime=224.7s SR=36.00% (18/50) mean_SPL=0.2108 SR@0.1m(ref)=18.00% SPL@0.1m(ref)=0.1064
[ZSON3 EVAL] 51/64 scene=TEEsavR23oF.basis episode=21 target=tv_monitor success=1 spl=0.7771 reason=object_found steps=48 runtime=27.4s SR=37.25% (19/51) mean_SPL=0.2219 SR@0.1m(ref)=19.61% SPL@0.1m(ref)=0.1196
[ZSON3 EVAL] 52/64 scene=CrMo8WxCyVb.basis episode=11 target=plant success=1 spl=0.2411 reason=object_found steps=424 runtime=381.1s SR=38.46% (20/52) mean_SPL=0.2222 SR@0.1m(ref)=21.15% SPL@0.1m(ref)=0.1219
[ZSON3 EVAL] 53/64 scene=svBbv1Pavdk.basis episode=0 target=tv_monitor success=1 spl=0.8087 reason=object_found steps=26 runtime=29.4s SR=39.62% (21/53) mean_SPL=0.2333 SR@0.1m(ref)=22.64% SPL@0.1m(ref)=0.1349
[ZSON3 EVAL] 54/64 scene=k1cupFYWXJ6.basis episode=25 target=plant success=1 spl=0.4105 reason=object_found steps=17 runtime=17.8s SR=40.74% (22/54) mean_SPL=0.2366 SR@0.1m(ref)=22.22% SPL@0.1m(ref)=0.1324
[ZSON3 EVAL] 55/64 scene=cvZr5TUy5C5.basis episode=12 target=bed success=1 spl=0.4507 reason=object_found steps=26 runtime=25.4s SR=41.82% (23/55) mean_SPL=0.2405 SR@0.1m(ref)=23.64% SPL@0.1m(ref)=0.1382
[ZSON3 EVAL] 56/64 scene=BAbdmeyTvMZ.basis episode=21 target=toilet success=1 spl=0.0655 reason=object_found steps=479 runtime=297.6s SR=42.86% (24/56) mean_SPL=0.2373 SR@0.1m(ref)=23.21% SPL@0.1m(ref)=0.1357
[ZSON3 EVAL] 57/64 scene=bxsVRursffK.basis episode=15 target=sofa success=1 spl=0.7004 reason=object_found steps=29 runtime=38.6s SR=43.86% (25/57) mean_SPL=0.2455 SR@0.1m(ref)=24.56% SPL@0.1m(ref)=0.1456
[ZSON3 EVAL] 58/64 scene=7MXmsvcQjpJ.basis episode=9 target=chair success=1 spl=0.6717 reason=object_found steps=14 runtime=9.6s SR=44.83% (26/58) mean_SPL=0.2528 SR@0.1m(ref)=24.14% SPL@0.1m(ref)=0.1431
[ZSON3 EVAL] 59/64 scene=TEEsavR23oF.basis episode=24 target=tv_monitor success=1 spl=0.2070 reason=object_found steps=493 runtime=615.6s SR=45.76% (27/59) mean_SPL=0.2520 SR@0.1m(ref)=25.42% SPL@0.1m(ref)=0.1442
[ZSON3 EVAL] 60/64 scene=5cdEh9F2hJL.basis episode=11 target=plant success=1 spl=0.1585 reason=object_found steps=480 runtime=360.6s SR=46.67% (28/60) mean_SPL=0.2505 SR@0.1m(ref)=25.00% SPL@0.1m(ref)=0.1418
[ZSON3 EVAL] 61/64 scene=wcojb4TFT35.basis episode=16 target=bed success=1 spl=0.6712 reason=object_found steps=27 runtime=17.2s SR=47.54% (29/61) mean_SPL=0.2574 SR@0.1m(ref)=24.59% SPL@0.1m(ref)=0.1395
[ZSON3 EVAL] 62/64 scene=Nfvxx8J5NCo.basis episode=5 target=toilet success=1 spl=0.5376 reason=object_found steps=37 runtime=23.3s SR=48.39% (30/62) mean_SPL=0.2619 SR@0.1m(ref)=24.19% SPL@0.1m(ref)=0.1372
[ZSON3 EVAL] 63/64 scene=y9hTuugGdiq.basis episode=4 target=sofa success=1 spl=0.2174 reason=object_found steps=475 runtime=373.9s SR=49.21% (31/63) mean_SPL=0.2612 SR@0.1m(ref)=25.40% SPL@0.1m(ref)=0.1385
[ZSON3 EVAL] 64/64 scene=CrMo8WxCyVb.basis episode=26 target=chair success=1 spl=0.2329 reason=object_found steps=469 runtime=524.7s SR=50.00% (32/64) mean_SPL=0.2608 SR@0.1m(ref)=26.56% SPL@0.1m(ref)=0.1400
[ZSON3 SUMMARY] episodes=64 SR=50.00% SPL=0.2608 SR@0.1m(ref)=26.56% SPL@0.1m(ref)=0.1400 exceptions=0
