[ZSON3 LAUNCH] stable_target_approach_v0 probe64 run_id=ofbase_stable_target_approach_v0_probe64_seed20260727 manifest_sha256=175d96e14341aa6c73e7178e4c5b654492716081c5d39cf92831b443a551af4e
[ZSON3 EVAL] start dataset=HM3Dv2-val seed=20260727 episodes=64 mode=explicit_manifest resume_from=0 qwen_attention=unknown
[ZSON3 EVAL] 1/64 scene=6s7QHgap2fW.basis episode=3 target=toilet success=0 spl=0.0000 reason=false_positive steps=136 runtime=88.5s SR=0.00% (0/1) mean_SPL=0.0000 SR@0.1m(ref)=0.00% SPL@0.1m(ref)=0.0000
[ZSON3 EVAL] 2/64 scene=eF36g7L6Z9M.basis episode=9 target=sofa success=0 spl=0.0000 reason=false_positive steps=7 runtime=7.1s SR=0.00% (0/2) mean_SPL=0.0000 SR@0.1m(ref)=0.00% SPL@0.1m(ref)=0.0000
[ZSON3 EVAL] 3/64 scene=mv2HUxq3B53.basis episode=23 target=tv_monitor success=0 spl=0.0000 reason=false_positive steps=16 runtime=9.1s SR=0.00% (0/3) mean_SPL=0.0000 SR@0.1m(ref)=0.00% SPL@0.1m(ref)=0.0000
[ZSON3 EVAL] 4/64 scene=mL8ThkuaVTM.basis episode=3 target=plant success=0 spl=0.0000 reason=false_positive steps=20 runtime=10.2s SR=0.00% (0/4) mean_SPL=0.0000 SR@0.1m(ref)=0.00% SPL@0.1m(ref)=0.0000
[ZSON3 EVAL] 5/64 scene=q3zU7Yy5E5s.basis episode=0 target=bed success=0 spl=0.0000 reason=max_steps_reached steps=491 runtime=265.9s SR=0.00% (0/5) mean_SPL=0.0000 SR@0.1m(ref)=0.00% SPL@0.1m(ref)=0.0000
[ZSON3 EVAL] 6/64 scene=7MXmsvcQjpJ.basis episode=10 target=chair success=0 spl=0.0000 reason=false_positive steps=11 runtime=8.5s SR=0.00% (0/6) mean_SPL=0.0000 SR@0.1m(ref)=0.00% SPL@0.1m(ref)=0.0000
[ZSON3 EVAL] 7/64 scene=svBbv1Pavdk.basis episode=2 target=toilet success=0 spl=0.0000 reason=false_positive steps=421 runtime=351.2s SR=0.00% (0/7) mean_SPL=0.0000 SR@0.1m(ref)=0.00% SPL@0.1m(ref)=0.0000
[ZSON3 EVAL] 8/64 scene=ziup5kvtCCR.basis episode=15 target=sofa success=0 spl=0.0000 reason=false_positive steps=234 runtime=148.8s SR=0.00% (0/8) mean_SPL=0.0000 SR@0.1m(ref)=0.00% SPL@0.1m(ref)=0.0000
[ZSON3 EVAL] 9/64 scene=yr17PDCnDDW.basis episode=27 target=tv_monitor success=0 spl=0.0000 reason=false_positive steps=321 runtime=693.1s SR=0.00% (0/9) mean_SPL=0.0000 SR@0.1m(ref)=0.00% SPL@0.1m(ref)=0.0000
[ZSON3 EVAL] 10/64 scene=q5QZSEeHe5g.basis episode=26 target=plant success=0 spl=0.0000 reason=false_positive steps=420 runtime=302.7s SR=0.00% (0/10) mean_SPL=0.0000 SR@0.1m(ref)=0.00% SPL@0.1m(ref)=0.0000
[ZSON3 EVAL] 11/64 scene=MHPLjHsuG27.basis episode=25 target=bed success=0 spl=0.0000 reason=false_positive steps=19 runtime=20.5s SR=0.00% (0/11) mean_SPL=0.0000 SR@0.1m(ref)=0.00% SPL@0.1m(ref)=0.0000
[ZSON3 EVAL] 12/64 scene=bxsVRursffK.basis episode=7 target=chair success=0 spl=0.0000 reason=false_positive steps=407 runtime=288.4s SR=0.00% (0/12) mean_SPL=0.0000 SR@0.1m(ref)=0.00% SPL@0.1m(ref)=0.0000
[ZSON3 EVAL] 13/64 scene=QaLdnwvtxbs.basis episode=27 target=tv_monitor success=1 spl=0.2845 reason=object_found steps=87 runtime=50.7s SR=7.69% (1/13) mean_SPL=0.0219 SR@0.1m(ref)=0.00% SPL@0.1m(ref)=0.0000
[ZSON3 EVAL] 14/64 scene=MHPLjHsuG27.basis episode=26 target=bed success=0 spl=0.0000 reason=false_positive steps=16 runtime=13.5s SR=7.14% (1/14) mean_SPL=0.0203 SR@0.1m(ref)=0.00% SPL@0.1m(ref)=0.0000
[ZSON3 EVAL] 15/64 scene=HY1NcmCgn3n.basis episode=3 target=plant success=1 spl=0.1275 reason=object_found steps=138 runtime=100.6s SR=13.33% (2/15) mean_SPL=0.0275 SR@0.1m(ref)=0.00% SPL@0.1m(ref)=0.0000
[ZSON3 EVAL] 16/64 scene=Dd4bFSTQ8gi.basis episode=1 target=chair success=0 spl=0.0000 reason=false_positive steps=25 runtime=23.1s SR=12.50% (2/16) mean_SPL=0.0257 SR@0.1m(ref)=0.00% SPL@0.1m(ref)=0.0000
[ZSON3 EVAL] 17/64 scene=qyAac8rV8Zk.basis episode=16 target=sofa success=0 spl=0.0000 reason=false_positive steps=12 runtime=11.1s SR=11.76% (2/17) mean_SPL=0.0242 SR@0.1m(ref)=0.00% SPL@0.1m(ref)=0.0000
[ZSON3 EVAL] 18/64 scene=4ok3usBNeis.basis episode=0 target=bed success=0 spl=0.0000 reason=false_positive steps=361 runtime=236.4s SR=11.11% (2/18) mean_SPL=0.0229 SR@0.1m(ref)=0.00% SPL@0.1m(ref)=0.0000
[ZSON3 EVAL] 19/64 scene=cvZr5TUy5C5.basis episode=16 target=plant success=0 spl=0.0000 reason=false_positive steps=119 runtime=85.0s SR=10.53% (2/19) mean_SPL=0.0217 SR@0.1m(ref)=0.00% SPL@0.1m(ref)=0.0000
[ZSON3 EVAL] 20/64 scene=TEEsavR23oF.basis episode=26 target=chair success=1 spl=0.4622 reason=object_found steps=103 runtime=61.9s SR=15.00% (3/20) mean_SPL=0.0437 SR@0.1m(ref)=5.00% SPL@0.1m(ref)=0.0231
[ZSON3 EVAL] 21/64 scene=yr17PDCnDDW.basis episode=17 target=sofa success=0 spl=0.0000 reason=false_positive steps=199 runtime=358.1s SR=14.29% (3/21) mean_SPL=0.0416 SR@0.1m(ref)=4.76% SPL@0.1m(ref)=0.0220
[ZSON3 EVAL] 22/64 scene=q3zU7Yy5E5s.basis episode=1 target=bed success=0 spl=0.0000 reason=false_positive steps=79 runtime=35.2s SR=13.64% (3/22) mean_SPL=0.0397 SR@0.1m(ref)=4.55% SPL@0.1m(ref)=0.0210
[ZSON3 EVAL] 23/64 scene=eF36g7L6Z9M.basis episode=8 target=plant success=0 spl=0.0000 reason=max_steps_reached steps=500 runtime=347.3s SR=13.04% (3/23) mean_SPL=0.0380 SR@0.1m(ref)=4.35% SPL@0.1m(ref)=0.0201
[ZSON3 EVAL] 24/64 scene=mv2HUxq3B53.basis episode=6 target=chair success=0 spl=0.0000 reason=false_positive steps=166 runtime=96.9s SR=12.50% (3/24) mean_SPL=0.0364 SR@0.1m(ref)=4.17% SPL@0.1m(ref)=0.0193
[ZSON3 EVAL] 25/64 scene=svBbv1Pavdk.basis episode=20 target=chair success=0 spl=0.0000 reason=max_steps_reached steps=479 runtime=161.8s SR=12.00% (3/25) mean_SPL=0.0350 SR@0.1m(ref)=4.00% SPL@0.1m(ref)=0.0185
[ZSON3 EVAL] 26/64 scene=ziup5kvtCCR.basis episode=0 target=plant success=1 spl=0.1607 reason=object_found steps=327 runtime=256.4s SR=15.38% (4/26) mean_SPL=0.0398 SR@0.1m(ref)=7.69% SPL@0.1m(ref)=0.0240
[ZSON3 EVAL] 27/64 scene=qyAac8rV8Zk.basis episode=25 target=bed success=0 spl=0.0000 reason=max_steps_reached steps=484 runtime=348.7s SR=14.81% (4/27) mean_SPL=0.0383 SR@0.1m(ref)=7.41% SPL@0.1m(ref)=0.0231
[ZSON3 EVAL] 28/64 scene=zt1RVoi7PcG.basis episode=17 target=tv_monitor success=1 spl=0.2585 reason=object_found steps=156 runtime=109.9s SR=17.86% (5/28) mean_SPL=0.0462 SR@0.1m(ref)=7.14% SPL@0.1m(ref)=0.0222
[ZSON3 EVAL] 29/64 scene=a8BtkwhxdRV.basis episode=17 target=toilet success=0 spl=0.0000 reason=robot_stuck steps=361 runtime=160.5s SR=17.24% (5/29) mean_SPL=0.0446 SR@0.1m(ref)=6.90% SPL@0.1m(ref)=0.0215
[ZSON3 EVAL] 30/64 scene=k1cupFYWXJ6.basis episode=1 target=sofa success=0 spl=0.0000 reason=max_steps_reached steps=495 runtime=272.3s SR=16.67% (5/30) mean_SPL=0.0431 SR@0.1m(ref)=6.67% SPL@0.1m(ref)=0.0208
[ZSON3 EVAL] 31/64 scene=qyAac8rV8Zk.basis episode=17 target=bed success=0 spl=0.0000 reason=max_steps_reached steps=464 runtime=177.2s SR=16.13% (5/31) mean_SPL=0.0417 SR@0.1m(ref)=6.45% SPL@0.1m(ref)=0.0201
[ZSON3 EVAL] 32/64 scene=p53SfW6mjZe.basis episode=19 target=tv_monitor success=0 spl=0.0000 reason=max_steps_reached steps=498 runtime=311.1s SR=15.62% (5/32) mean_SPL=0.0404 SR@0.1m(ref)=6.25% SPL@0.1m(ref)=0.0195
[ZSON3 EVAL] 33/64 scene=svBbv1Pavdk.basis episode=4 target=tv_monitor success=0 spl=0.0000 reason=max_steps_reached steps=490 runtime=347.6s SR=15.15% (5/33) mean_SPL=0.0392 SR@0.1m(ref)=6.06% SPL@0.1m(ref)=0.0189
[ZSON3 EVAL] 34/64 scene=VBzV5z6i1WS.basis episode=13 target=chair success=1 spl=0.2113 reason=object_found steps=51 runtime=38.0s SR=17.65% (6/34) mean_SPL=0.0443 SR@0.1m(ref)=8.82% SPL@0.1m(ref)=0.0245
[ZSON3 EVAL] 35/64 scene=HY1NcmCgn3n.basis episode=6 target=plant success=1 spl=1.0000 reason=object_found steps=31 runtime=25.7s SR=20.00% (7/35) mean_SPL=0.0716 SR@0.1m(ref)=8.57% SPL@0.1m(ref)=0.0238
[ZSON3 EVAL] 36/64 scene=4ok3usBNeis.basis episode=5 target=toilet success=0 spl=0.0000 reason=max_steps_reached steps=497 runtime=326.9s SR=19.44% (7/36) mean_SPL=0.0696 SR@0.1m(ref)=8.33% SPL@0.1m(ref)=0.0232
[ZSON3 EVAL] 37/64 scene=cvZr5TUy5C5.basis episode=27 target=bed success=1 spl=0.7013 reason=object_found steps=41 runtime=21.3s SR=21.62% (8/37) mean_SPL=0.0866 SR@0.1m(ref)=10.81% SPL@0.1m(ref)=0.0415
[ZSON3 EVAL] 38/64 scene=5cdEh9F2hJL.basis episode=12 target=sofa success=1 spl=0.5255 reason=object_found steps=28 runtime=26.9s SR=23.68% (9/38) mean_SPL=0.0982 SR@0.1m(ref)=13.16% SPL@0.1m(ref)=0.0542
[ZSON3 EVAL] 39/64 scene=Nfvxx8J5NCo.basis episode=10 target=tv_monitor success=1 spl=0.2796 reason=object_found steps=239 runtime=149.4s SR=25.64% (10/39) mean_SPL=0.1029 SR@0.1m(ref)=12.82% SPL@0.1m(ref)=0.0528
[ZSON3 EVAL] 40/64 scene=CrMo8WxCyVb.basis episode=25 target=chair success=1 spl=0.2646 reason=object_found steps=222 runtime=246.0s SR=27.50% (11/40) mean_SPL=0.1069 SR@0.1m(ref)=15.00% SPL@0.1m(ref)=0.0581
[ZSON3 EVAL] 41/64 scene=eF36g7L6Z9M.basis episode=10 target=plant success=1 spl=0.4005 reason=object_found steps=383 runtime=435.5s SR=29.27% (12/41) mean_SPL=0.1141 SR@0.1m(ref)=14.63% SPL@0.1m(ref)=0.0567
[ZSON3 EVAL] 42/64 scene=6s7QHgap2fW.basis episode=25 target=toilet success=1 spl=0.2813 reason=object_found steps=308 runtime=143.6s SR=30.95% (13/42) mean_SPL=0.1180 SR@0.1m(ref)=14.29% SPL@0.1m(ref)=0.0554
[ZSON3 EVAL] 43/64 scene=p53SfW6mjZe.basis episode=15 target=bed success=1 spl=0.1537 reason=max_steps_reached steps=500 runtime=402.6s SR=32.56% (14/43) mean_SPL=0.1189 SR@0.1m(ref)=16.28% SPL@0.1m(ref)=0.0577
[ZSON3 EVAL] 44/64 scene=mL8ThkuaVTM.basis episode=20 target=sofa success=1 spl=0.1920 reason=object_found steps=466 runtime=208.3s SR=34.09% (15/44) mean_SPL=0.1205 SR@0.1m(ref)=15.91% SPL@0.1m(ref)=0.0563
[ZSON3 EVAL] 45/64 scene=QaLdnwvtxbs.basis episode=3 target=tv_monitor success=1 spl=0.4640 reason=object_found steps=39 runtime=23.9s SR=35.56% (16/45) mean_SPL=0.1282 SR@0.1m(ref)=15.56% SPL@0.1m(ref)=0.0551
[ZSON3 EVAL] 46/64 scene=a8BtkwhxdRV.basis episode=11 target=plant success=1 spl=0.8453 reason=object_found steps=19 runtime=24.2s SR=36.96% (17/46) mean_SPL=0.1438 SR@0.1m(ref)=17.39% SPL@0.1m(ref)=0.0723
[ZSON3 EVAL] 47/64 scene=4ok3usBNeis.basis episode=1 target=toilet success=1 spl=0.7602 reason=object_found steps=52 runtime=29.6s SR=38.30% (18/47) mean_SPL=0.1569 SR@0.1m(ref)=19.15% SPL@0.1m(ref)=0.0869
[ZSON3 EVAL] 48/64 scene=Dd4bFSTQ8gi.basis episode=25 target=sofa success=1 spl=0.6525 reason=object_found steps=22 runtime=16.5s SR=39.58% (19/48) mean_SPL=0.1672 SR@0.1m(ref)=20.83% SPL@0.1m(ref)=0.0987
[ZSON3 EVAL] 49/64 scene=XB4GS9ShBRE.basis episode=10 target=bed success=1 spl=1.0000 reason=object_found steps=25 runtime=12.9s SR=40.82% (20/49) mean_SPL=0.1842 SR@0.1m(ref)=20.41% SPL@0.1m(ref)=0.0967
[ZSON3 EVAL] 50/64 scene=DYehNKdT76V.basis episode=9 target=chair success=1 spl=0.6526 reason=object_found steps=410 runtime=227.2s SR=42.00% (21/50) mean_SPL=0.1936 SR@0.1m(ref)=22.00% SPL@0.1m(ref)=0.1078
[ZSON3 EVAL] 51/64 scene=TEEsavR23oF.basis episode=21 target=tv_monitor success=1 spl=0.7771 reason=object_found steps=48 runtime=27.7s SR=43.14% (22/51) mean_SPL=0.2050 SR@0.1m(ref)=23.53% SPL@0.1m(ref)=0.1209
[ZSON3 EVAL] 52/64 scene=CrMo8WxCyVb.basis episode=11 target=plant success=1 spl=0.2411 reason=object_found steps=424 runtime=382.5s SR=44.23% (23/52) mean_SPL=0.2057 SR@0.1m(ref)=25.00% SPL@0.1m(ref)=0.1232
[ZSON3 EVAL] 53/64 scene=svBbv1Pavdk.basis episode=0 target=tv_monitor success=1 spl=0.8087 reason=object_found steps=26 runtime=27.5s SR=45.28% (24/53) mean_SPL=0.2171 SR@0.1m(ref)=26.42% SPL@0.1m(ref)=0.1362
[ZSON3 EVAL] 54/64 scene=k1cupFYWXJ6.basis episode=25 target=plant success=1 spl=0.5437 reason=object_found steps=12 runtime=10.7s SR=46.30% (25/54) mean_SPL=0.2231 SR@0.1m(ref)=25.93% SPL@0.1m(ref)=0.1336
[ZSON3 EVAL] 55/64 scene=cvZr5TUy5C5.basis episode=12 target=bed success=1 spl=0.4686 reason=object_found steps=20 runtime=19.0s SR=47.27% (26/55) mean_SPL=0.2276 SR@0.1m(ref)=27.27% SPL@0.1m(ref)=0.1397
[ZSON3 EVAL] 56/64 scene=BAbdmeyTvMZ.basis episode=21 target=toilet success=1 spl=0.0652 reason=object_found steps=481 runtime=304.8s SR=48.21% (27/56) mean_SPL=0.2247 SR@0.1m(ref)=26.79% SPL@0.1m(ref)=0.1372
[ZSON3 EVAL] 57/64 scene=bxsVRursffK.basis episode=15 target=sofa success=1 spl=0.7513 reason=object_found steps=27 runtime=32.5s SR=49.12% (28/57) mean_SPL=0.2339 SR@0.1m(ref)=28.07% SPL@0.1m(ref)=0.1480
[ZSON3 EVAL] 58/64 scene=7MXmsvcQjpJ.basis episode=9 target=chair success=1 spl=0.6717 reason=object_found steps=14 runtime=7.2s SR=50.00% (29/58) mean_SPL=0.2415 SR@0.1m(ref)=27.59% SPL@0.1m(ref)=0.1455
[ZSON3 EVAL] 59/64 scene=TEEsavR23oF.basis episode=24 target=tv_monitor success=1 spl=0.2075 reason=object_found steps=492 runtime=625.0s SR=50.85% (30/59) mean_SPL=0.2409 SR@0.1m(ref)=28.81% SPL@0.1m(ref)=0.1465
[ZSON3 EVAL] 60/64 scene=5cdEh9F2hJL.basis episode=11 target=plant success=1 spl=0.1592 reason=object_found steps=478 runtime=364.3s SR=51.67% (31/60) mean_SPL=0.2395 SR@0.1m(ref)=28.33% SPL@0.1m(ref)=0.1441
[ZSON3 EVAL] 61/64 scene=wcojb4TFT35.basis episode=16 target=bed success=1 spl=0.6712 reason=object_found steps=26 runtime=13.0s SR=52.46% (32/61) mean_SPL=0.2466 SR@0.1m(ref)=27.87% SPL@0.1m(ref)=0.1417
[ZSON3 EVAL] 62/64 scene=Nfvxx8J5NCo.basis episode=5 target=toilet success=1 spl=0.5821 reason=object_found steps=35 runtime=20.3s SR=53.23% (33/62) mean_SPL=0.2520 SR@0.1m(ref)=27.42% SPL@0.1m(ref)=0.1394
[ZSON3 EVAL] 63/64 scene=y9hTuugGdiq.basis episode=4 target=sofa success=1 spl=0.2142 reason=object_found steps=472 runtime=363.7s SR=53.97% (34/63) mean_SPL=0.2514 SR@0.1m(ref)=28.57% SPL@0.1m(ref)=0.1406
[ZSON3 EVAL] 64/64 scene=CrMo8WxCyVb.basis episode=26 target=chair success=1 spl=0.2329 reason=object_found steps=468 runtime=516.8s SR=54.69% (35/64) mean_SPL=0.2511 SR@0.1m(ref)=29.69% SPL@0.1m(ref)=0.1421
[ZSON3 SUMMARY] episodes=64 SR=54.69% SPL=0.2511 SR@0.1m(ref)=29.69% SPL@0.1m(ref)=0.1421 exceptions=0
