[ZSON3 EVAL] start dataset=HM3Dv1-val seed=20260727 episodes=100 resume_from=0 qwen_attention=unknown
[ZSON3 EVAL] 1/100 scene=TEEsavR23oF.basis episode=95 target=bed success=0 spl=0.0000 reason=max_steps_reached steps=492 runtime=437.2s SR=0.00% (0/1) mean_SPL=0.0000
[ZSON3 EVAL] 2/100 scene=Nfvxx8J5NCo.basis episode=89 target=chair success=1 spl=0.6499 reason=object_found steps=82 runtime=72.8s SR=50.00% (1/2) mean_SPL=0.3249
[ZSON3 EVAL] 3/100 scene=svBbv1Pavdk.basis episode=84 target=sofa success=1 spl=0.1218 reason=object_found steps=193 runtime=189.1s SR=66.67% (2/3) mean_SPL=0.2572
[ZSON3 EVAL] 4/100 scene=XB4GS9ShBRE.basis episode=81 target=toilet success=1 spl=0.3298 reason=object_found steps=145 runtime=144.7s SR=75.00% (3/4) mean_SPL=0.2754
[ZSON3 EVAL] 5/100 scene=mL8ThkuaVTM.basis episode=56 target=toilet success=1 spl=0.1564 reason=object_found steps=289 runtime=220.5s SR=80.00% (4/5) mean_SPL=0.2516
[ZSON3 EVAL] 6/100 scene=qyAac8rV8Zk.basis episode=7 target=bed success=0 spl=0.0000 reason=max_steps_reached steps=492 runtime=440.2s SR=66.67% (4/6) mean_SPL=0.2096
[ZSON3 EVAL] 7/100 scene=cvZr5TUy5C5.basis episode=20 target=sofa success=1 spl=0.0879 reason=object_found steps=313 runtime=461.5s SR=71.43% (5/7) mean_SPL=0.1923
[ZSON3 EVAL] 8/100 scene=4ok3usBNeis.basis episode=78 target=bed success=1 spl=0.3725 reason=object_found steps=133 runtime=119.0s SR=75.00% (6/8) mean_SPL=0.2148
[ZSON3 EVAL] 9/100 scene=QaLdnwvtxbs.basis episode=32 target=sofa success=1 spl=0.5329 reason=object_found steps=103 runtime=98.9s SR=77.78% (7/9) mean_SPL=0.2501
[ZSON3 EVAL] 10/100 scene=p53SfW6mjZe.basis episode=52 target=bed success=0 spl=0.0000 reason=max_steps_reached steps=500 runtime=603.5s SR=70.00% (7/10) mean_SPL=0.2251
[ZSON3 EVAL] 11/100 scene=Dd4bFSTQ8gi.basis episode=48 target=bed success=1 spl=0.0821 reason=object_found steps=310 runtime=355.7s SR=72.73% (8/11) mean_SPL=0.2121
[ZSON3 EVAL] 12/100 scene=5cdEh9F2hJL.basis episode=0 target=tv_monitor success=0 spl=0.0000 reason=false_positive steps=225 runtime=211.2s SR=66.67% (8/12) mean_SPL=0.1944
[ZSON3 EVAL] 13/100 scene=wcojb4TFT35.basis episode=30 target=toilet success=0 spl=0.0000 reason=max_steps_reached steps=494 runtime=461.0s SR=61.54% (8/13) mean_SPL=0.1795
[ZSON3 EVAL] 14/100 scene=zt1RVoi7PcG.basis episode=26 target=bed success=0 spl=0.0000 reason=max_steps_reached steps=498 runtime=629.1s SR=57.14% (8/14) mean_SPL=0.1667
[ZSON3 EVAL] 15/100 scene=q3zU7Yy5E5s.basis episode=98 target=toilet success=1 spl=0.4231 reason=object_found steps=185 runtime=213.8s SR=60.00% (9/15) mean_SPL=0.1838
[ZSON3 EVAL] 16/100 scene=6s7QHgap2fW.basis episode=20 target=tv_monitor success=0 spl=0.0000 reason=max_steps_reached steps=494 runtime=439.6s SR=56.25% (9/16) mean_SPL=0.1723
[ZSON3 EVAL] 17/100 scene=mv2HUxq3B53.basis episode=69 target=toilet success=1 spl=0.8706 reason=object_found steps=60 runtime=72.1s SR=58.82% (10/17) mean_SPL=0.2134
[ZSON3 EVAL] 18/100 scene=ziup5kvtCCR.basis episode=56 target=sofa success=0 spl=0.0000 reason=false_positive steps=453 runtime=389.6s SR=55.56% (10/18) mean_SPL=0.2015
[ZSON3 EVAL] 19/100 scene=DYehNKdT76V.basis episode=90 target=bed success=1 spl=0.4175 reason=object_found steps=426 runtime=419.2s SR=57.89% (11/19) mean_SPL=0.2129
[ZSON3 EVAL] 20/100 scene=bxsVRursffK.basis episode=76 target=toilet success=1 spl=0.1018 reason=object_found steps=301 runtime=290.0s SR=60.00% (12/20) mean_SPL=0.2073
[ZSON3 EVAL] 21/100 scene=TEEsavR23oF.basis episode=32 target=chair success=1 spl=0.6679 reason=object_found steps=150 runtime=141.5s SR=61.90% (13/21) mean_SPL=0.2293
[ZSON3 EVAL] 22/100 scene=Nfvxx8J5NCo.basis episode=32 target=bed success=1 spl=0.7658 reason=object_found steps=71 runtime=71.2s SR=63.64% (14/22) mean_SPL=0.2536
[ZSON3 EVAL] 23/100 scene=svBbv1Pavdk.basis episode=3 target=plant success=1 spl=0.7012 reason=object_found steps=63 runtime=71.0s SR=65.22% (15/23) mean_SPL=0.2731
[ZSON3 EVAL] 24/100 scene=XB4GS9ShBRE.basis episode=54 target=sofa success=0 spl=0.0000 reason=false_positive steps=62 runtime=27.4s SR=62.50% (15/24) mean_SPL=0.2617
[ZSON3 EVAL] 25/100 scene=mL8ThkuaVTM.basis episode=29 target=bed success=0 spl=0.0000 reason=max_steps_reached steps=497 runtime=366.2s SR=60.00% (15/25) mean_SPL=0.2513
[ZSON3 EVAL] 26/100 scene=qyAac8rV8Zk.basis episode=59 target=chair success=1 spl=0.3727 reason=object_found steps=164 runtime=156.6s SR=61.54% (16/26) mean_SPL=0.2559
[ZSON3 EVAL] 27/100 scene=cvZr5TUy5C5.basis episode=36 target=toilet success=1 spl=0.2422 reason=object_found steps=450 runtime=464.6s SR=62.96% (17/27) mean_SPL=0.2554
[ZSON3 EVAL] 28/100 scene=4ok3usBNeis.basis episode=5 target=toilet success=0 spl=0.0000 reason=false_positive steps=92 runtime=73.7s SR=60.71% (17/28) mean_SPL=0.2463
[ZSON3 EVAL] 29/100 scene=QaLdnwvtxbs.basis episode=8 target=chair success=0 spl=0.0000 reason=false_positive steps=57 runtime=45.8s SR=58.62% (17/29) mean_SPL=0.2378
[ZSON3 EVAL] 30/100 scene=p53SfW6mjZe.basis episode=17 target=chair success=0 spl=0.0000 reason=max_steps_reached steps=499 runtime=415.9s SR=56.67% (17/30) mean_SPL=0.2299
[ZSON3 EVAL] 31/100 scene=Dd4bFSTQ8gi.basis episode=77 target=toilet success=1 spl=0.2329 reason=object_found steps=303 runtime=312.2s SR=58.06% (18/31) mean_SPL=0.2300
[ZSON3 EVAL] 32/100 scene=5cdEh9F2hJL.basis episode=90 target=sofa success=0 spl=0.0000 reason=false_positive steps=13 runtime=25.2s SR=56.25% (18/32) mean_SPL=0.2228
[ZSON3 EVAL] 33/100 scene=wcojb4TFT35.basis episode=19 target=chair success=0 spl=0.0000 reason=false_positive steps=68 runtime=53.2s SR=54.55% (18/33) mean_SPL=0.2160
[ZSON3 EVAL] 34/100 scene=q3zU7Yy5E5s.basis episode=1 target=chair success=0 spl=0.0000 reason=robot_stuck steps=215 runtime=89.6s SR=52.94% (18/34) mean_SPL=0.2097
[ZSON3 EVAL] 35/100 scene=6s7QHgap2fW.basis episode=79 target=chair success=0 spl=0.0000 reason=max_steps_reached steps=500 runtime=406.6s SR=51.43% (18/35) mean_SPL=0.2037
[ZSON3 EVAL] 36/100 scene=mv2HUxq3B53.basis episode=2 target=sofa success=1 spl=0.8553 reason=object_found steps=33 runtime=38.5s SR=52.78% (19/36) mean_SPL=0.2218
[ZSON3 EVAL] 37/100 scene=ziup5kvtCCR.basis episode=87 target=tv_monitor success=1 spl=0.1685 reason=object_found steps=206 runtime=183.5s SR=54.05% (20/37) mean_SPL=0.2203
[ZSON3 EVAL] 38/100 scene=DYehNKdT76V.basis episode=82 target=toilet success=0 spl=0.0000 reason=max_steps_reached steps=495 runtime=484.3s SR=52.63% (20/38) mean_SPL=0.2146
[ZSON3 EVAL] 39/100 scene=bxsVRursffK.basis episode=24 target=toilet success=1 spl=0.1144 reason=object_found steps=388 runtime=381.2s SR=53.85% (21/39) mean_SPL=0.2120
[ZSON3 EVAL] 40/100 scene=Nfvxx8J5NCo.basis episode=62 target=sofa success=1 spl=0.8220 reason=object_found steps=19 runtime=22.3s SR=55.00% (22/40) mean_SPL=0.2272
[ZSON3 EVAL] 41/100 scene=svBbv1Pavdk.basis episode=39 target=bed success=1 spl=0.5052 reason=object_found steps=137 runtime=137.7s SR=56.10% (23/41) mean_SPL=0.2340
[ZSON3 EVAL] 42/100 scene=XB4GS9ShBRE.basis episode=39 target=chair success=1 spl=0.6483 reason=object_found steps=78 runtime=89.6s SR=57.14% (24/42) mean_SPL=0.2439
[ZSON3 EVAL] 43/100 scene=mL8ThkuaVTM.basis episode=80 target=bed success=1 spl=0.3693 reason=object_found steps=345 runtime=299.2s SR=58.14% (25/43) mean_SPL=0.2468
[ZSON3 EVAL] 44/100 scene=qyAac8rV8Zk.basis episode=48 target=chair success=1 spl=0.6536 reason=object_found steps=59 runtime=53.5s SR=59.09% (26/44) mean_SPL=0.2560
[ZSON3 EVAL] 45/100 scene=cvZr5TUy5C5.basis episode=61 target=tv_monitor success=1 spl=0.4041 reason=object_found steps=141 runtime=136.9s SR=60.00% (27/45) mean_SPL=0.2593
[ZSON3 EVAL] 46/100 scene=4ok3usBNeis.basis episode=34 target=sofa success=1 spl=0.4296 reason=object_found steps=151 runtime=138.5s SR=60.87% (28/46) mean_SPL=0.2630
[ZSON3 EVAL] 47/100 scene=QaLdnwvtxbs.basis episode=41 target=sofa success=0 spl=0.0000 reason=false_positive steps=175 runtime=145.6s SR=59.57% (28/47) mean_SPL=0.2574
[ZSON3 EVAL] 48/100 scene=p53SfW6mjZe.basis episode=9 target=bed success=0 spl=0.0000 reason=max_steps_reached steps=485 runtime=672.2s SR=58.33% (28/48) mean_SPL=0.2521
[ZSON3 EVAL] 49/100 scene=Dd4bFSTQ8gi.basis episode=47 target=chair success=0 spl=0.0000 reason=false_positive steps=21 runtime=23.2s SR=57.14% (28/49) mean_SPL=0.2469
[ZSON3 EVAL] 50/100 scene=5cdEh9F2hJL.basis episode=51 target=sofa success=0 spl=0.0000 reason=false_positive steps=11 runtime=15.2s SR=56.00% (28/50) mean_SPL=0.2420
[ZSON3 EVAL] 51/100 scene=q3zU7Yy5E5s.basis episode=0 target=sofa success=0 spl=0.0000 reason=false_positive steps=72 runtime=69.8s SR=54.90% (28/51) mean_SPL=0.2372
[ZSON3 EVAL] 52/100 scene=6s7QHgap2fW.basis episode=83 target=chair success=1 spl=0.4633 reason=object_found steps=57 runtime=46.3s SR=55.77% (29/52) mean_SPL=0.2416
[ZSON3 EVAL] 53/100 scene=mv2HUxq3B53.basis episode=97 target=tv_monitor success=0 spl=0.0000 reason=false_positive steps=32 runtime=23.2s SR=54.72% (29/53) mean_SPL=0.2370
[ZSON3 EVAL] 54/100 scene=DYehNKdT76V.basis episode=65 target=chair success=1 spl=0.4824 reason=object_found steps=447 runtime=317.4s SR=55.56% (30/54) mean_SPL=0.2416
[ZSON3 EVAL] 55/100 scene=TEEsavR23oF.basis episode=39 target=toilet success=0 spl=0.0000 reason=max_steps_reached steps=500 runtime=531.5s SR=54.55% (30/55) mean_SPL=0.2372
[ZSON3 EVAL] 56/100 scene=Nfvxx8J5NCo.basis episode=45 target=chair success=1 spl=0.8022 reason=object_found steps=24 runtime=29.0s SR=55.36% (31/56) mean_SPL=0.2473
[ZSON3 EVAL] 57/100 scene=XB4GS9ShBRE.basis episode=63 target=chair success=1 spl=0.5749 reason=object_found steps=109 runtime=111.3s SR=56.14% (32/57) mean_SPL=0.2530
[ZSON3 EVAL] 58/100 scene=mL8ThkuaVTM.basis episode=48 target=toilet success=0 spl=0.0000 reason=max_steps_reached steps=495 runtime=400.0s SR=55.17% (32/58) mean_SPL=0.2487
[ZSON3 EVAL] 59/100 scene=qyAac8rV8Zk.basis episode=93 target=tv_monitor success=1 spl=0.7794 reason=object_found steps=99 runtime=89.5s SR=55.93% (33/59) mean_SPL=0.2577
[ZSON3 EVAL] 60/100 scene=cvZr5TUy5C5.basis episode=43 target=tv_monitor success=0 spl=0.0000 reason=max_steps_reached steps=500 runtime=751.2s SR=55.00% (33/60) mean_SPL=0.2534
[ZSON3 EVAL] 61/100 scene=4ok3usBNeis.basis episode=41 target=toilet success=0 spl=0.0000 reason=robot_stuck steps=330 runtime=324.4s SR=54.10% (33/61) mean_SPL=0.2492
[ZSON3 EVAL] 62/100 scene=p53SfW6mjZe.basis episode=98 target=bed success=1 spl=0.3437 reason=object_found steps=201 runtime=214.6s SR=54.84% (34/62) mean_SPL=0.2507
[ZSON3 EVAL] 63/100 scene=Dd4bFSTQ8gi.basis episode=42 target=bed success=1 spl=0.4445 reason=object_found steps=116 runtime=142.5s SR=55.56% (35/63) mean_SPL=0.2538
[ZSON3 EVAL] 64/100 scene=zt1RVoi7PcG.basis episode=11 target=bed success=0 spl=0.0000 reason=false_positive steps=84 runtime=71.3s SR=54.69% (35/64) mean_SPL=0.2498
[ZSON3 EVAL] 65/100 scene=q3zU7Yy5E5s.basis episode=45 target=chair success=1 spl=0.3124 reason=object_found steps=127 runtime=90.0s SR=55.38% (36/65) mean_SPL=0.2508
[ZSON3 EVAL] 66/100 scene=6s7QHgap2fW.basis episode=82 target=toilet success=0 spl=0.0000 reason=false_positive steps=343 runtime=332.1s SR=54.55% (36/66) mean_SPL=0.2470
[ZSON3 EVAL] 67/100 scene=ziup5kvtCCR.basis episode=33 target=chair success=1 spl=0.4363 reason=object_found steps=90 runtime=73.7s SR=55.22% (37/67) mean_SPL=0.2498
[ZSON3 EVAL] 68/100 scene=TEEsavR23oF.basis episode=34 target=sofa success=1 spl=0.4079 reason=object_found steps=146 runtime=122.4s SR=55.88% (38/68) mean_SPL=0.2522
[ZSON3 EVAL] 69/100 scene=svBbv1Pavdk.basis episode=9 target=sofa success=1 spl=0.1556 reason=object_found steps=170 runtime=142.5s SR=56.52% (39/69) mean_SPL=0.2508
[ZSON3 EVAL] 70/100 scene=XB4GS9ShBRE.basis episode=14 target=chair success=1 spl=0.3026 reason=object_found steps=224 runtime=215.3s SR=57.14% (40/70) mean_SPL=0.2515
[ZSON3 EVAL] 71/100 scene=mL8ThkuaVTM.basis episode=55 target=toilet success=1 spl=0.5447 reason=object_found steps=109 runtime=79.6s SR=57.75% (41/71) mean_SPL=0.2556
[ZSON3 EVAL] 72/100 scene=qyAac8rV8Zk.basis episode=92 target=sofa success=0 spl=0.0000 reason=max_steps_reached steps=476 runtime=444.0s SR=56.94% (41/72) mean_SPL=0.2521
[ZSON3 EVAL] 73/100 scene=QaLdnwvtxbs.basis episode=25 target=bed success=1 spl=0.7878 reason=object_found steps=72 runtime=76.1s SR=57.53% (42/73) mean_SPL=0.2594
[ZSON3 EVAL] 74/100 scene=p53SfW6mjZe.basis episode=56 target=toilet success=1 spl=0.3081 reason=object_found steps=337 runtime=314.8s SR=58.11% (43/74) mean_SPL=0.2601
[ZSON3 EVAL] 75/100 scene=zt1RVoi7PcG.basis episode=97 target=chair success=1 spl=0.2795 reason=object_found steps=119 runtime=124.1s SR=58.67% (44/75) mean_SPL=0.2603
[ZSON3 EVAL] 76/100 scene=q3zU7Yy5E5s.basis episode=18 target=bed success=0 spl=0.0000 reason=false_positive steps=22 runtime=32.2s SR=57.89% (44/76) mean_SPL=0.2569
[ZSON3 EVAL] 77/100 scene=6s7QHgap2fW.basis episode=71 target=bed success=0 spl=0.0000 reason=max_steps_reached steps=500 runtime=467.9s SR=57.14% (44/77) mean_SPL=0.2536
[ZSON3 EVAL] 78/100 scene=DYehNKdT76V.basis episode=63 target=sofa success=1 spl=0.5708 reason=object_found steps=134 runtime=93.1s SR=57.69% (45/78) mean_SPL=0.2576
[ZSON3 EVAL] 79/100 scene=svBbv1Pavdk.basis episode=49 target=bed success=1 spl=0.3993 reason=object_found steps=217 runtime=249.6s SR=58.23% (46/79) mean_SPL=0.2594
[ZSON3 EVAL] 80/100 scene=XB4GS9ShBRE.basis episode=28 target=sofa success=0 spl=0.0000 reason=max_steps_reached steps=487 runtime=435.9s SR=57.50% (46/80) mean_SPL=0.2562
[ZSON3 EVAL] 81/100 scene=mL8ThkuaVTM.basis episode=9 target=sofa success=1 spl=0.7978 reason=object_found steps=84 runtime=73.4s SR=58.02% (47/81) mean_SPL=0.2629
[ZSON3 EVAL] 82/100 scene=QaLdnwvtxbs.basis episode=70 target=chair success=0 spl=0.0000 reason=false_positive steps=96 runtime=75.5s SR=57.32% (47/82) mean_SPL=0.2597
[ZSON3 EVAL] 83/100 scene=Dd4bFSTQ8gi.basis episode=7 target=bed success=1 spl=0.3754 reason=object_found steps=70 runtime=58.9s SR=57.83% (48/83) mean_SPL=0.2611
[ZSON3 EVAL] 84/100 scene=zt1RVoi7PcG.basis episode=78 target=chair success=1 spl=0.3268 reason=object_found steps=122 runtime=161.3s SR=58.33% (49/84) mean_SPL=0.2618
[ZSON3 EVAL] 85/100 scene=q3zU7Yy5E5s.basis episode=43 target=tv_monitor success=0 spl=0.0000 reason=max_steps_reached steps=485 runtime=370.1s SR=57.65% (49/85) mean_SPL=0.2588
[ZSON3 EVAL] 86/100 scene=TEEsavR23oF.basis episode=68 target=chair success=0 spl=0.0000 reason=false_positive steps=13 runtime=88.9s SR=56.98% (49/86) mean_SPL=0.2558
[ZSON3 EVAL] 87/100 scene=svBbv1Pavdk.basis episode=75 target=toilet success=1 spl=0.6184 reason=object_found steps=210 runtime=261.1s SR=57.47% (50/87) mean_SPL=0.2599
[ZSON3 EVAL] 88/100 scene=cvZr5TUy5C5.basis episode=97 target=toilet success=0 spl=0.0000 reason=max_steps_reached steps=498 runtime=727.4s SR=56.82% (50/88) mean_SPL=0.2570
[ZSON3 EVAL] 89/100 scene=QaLdnwvtxbs.basis episode=14 target=bed success=1 spl=0.1301 reason=object_found steps=208 runtime=178.1s SR=57.30% (51/89) mean_SPL=0.2555
[ZSON3 EVAL] 90/100 scene=Dd4bFSTQ8gi.basis episode=85 target=sofa success=0 spl=0.0000 reason=false_positive steps=76 runtime=41.3s SR=56.67% (51/90) mean_SPL=0.2527
[ZSON3 EVAL] 91/100 scene=6s7QHgap2fW.basis episode=62 target=sofa success=0 spl=0.0000 reason=false_positive steps=46 runtime=41.3s SR=56.04% (51/91) mean_SPL=0.2499
[ZSON3 EVAL] 92/100 scene=TEEsavR23oF.basis episode=66 target=sofa success=1 spl=0.6751 reason=object_found steps=176 runtime=177.8s SR=56.52% (52/92) mean_SPL=0.2546
[ZSON3 EVAL] 93/100 scene=cvZr5TUy5C5.basis episode=10 target=tv_monitor success=1 spl=0.7356 reason=object_found steps=39 runtime=25.5s SR=56.99% (53/93) mean_SPL=0.2597
[ZSON3 EVAL] 94/100 scene=zt1RVoi7PcG.basis episode=23 target=sofa success=0 spl=0.0000 reason=false_positive steps=73 runtime=70.5s SR=56.38% (53/94) mean_SPL=0.2570
[ZSON3 EVAL] 95/100 scene=XB4GS9ShBRE.basis episode=17 target=bed success=0 spl=0.0000 reason=max_steps_reached steps=481 runtime=400.5s SR=55.79% (53/95) mean_SPL=0.2543
[ZSON3 EVAL] 96/100 scene=6s7QHgap2fW.basis episode=10 target=chair success=1 spl=0.3181 reason=object_found steps=140 runtime=131.8s SR=56.25% (54/96) mean_SPL=0.2549
[ZSON3 EVAL] 97/100 scene=QaLdnwvtxbs.basis episode=6 target=bed success=0 spl=0.0000 reason=max_steps_reached steps=488 runtime=380.8s SR=55.67% (54/97) mean_SPL=0.2523
[ZSON3 EVAL] 98/100 scene=6s7QHgap2fW.basis episode=73 target=tv_monitor success=0 spl=0.0000 reason=max_steps_reached steps=491 runtime=537.6s SR=55.10% (54/98) mean_SPL=0.2497
[ZSON3 EVAL] 99/100 scene=QaLdnwvtxbs.basis episode=95 target=tv_monitor success=1 spl=0.8455 reason=object_found steps=33 runtime=32.9s SR=55.56% (55/99) mean_SPL=0.2557
[ZSON3 EVAL] 100/100 scene=6s7QHgap2fW.basis episode=40 target=bed success=0 spl=0.0000 reason=max_steps_reached steps=500 runtime=472.3s SR=55.00% (55/100) mean_SPL=0.2532
[ZSON3 SUMMARY] episodes=100 SR=55.00% SPL=0.2532 exceptions=0
