[ZSON3 LAUNCH] grounded_unified_frontier_v2 probe run_id=ofbase_grounded_unified_frontier_v2_probe56_seed20260727 probe_sha256=b5ef398f4ab79f3fa25a6bde16e7975dc06be38fe00c3a0e567ef3e0ee6919e6 source_sha256=c7ef8f4bcc42a54d29932c71ff6371e46bccb8e720ad9afaa9f89df2e6271374
[ZSON3 EVAL] start dataset=HM3Dv2-val seed=20260727 episodes=56 mode=explicit_manifest resume_from=0 qwen_attention=unknown
[ZSON3 EVAL] 1/56 scene=BAbdmeyTvMZ.basis episode=27 target=toilet success=0 spl=0.0000 reason=max_steps_reached steps=500 runtime=311.6s SR=0.00% (0/1) mean_SPL=0.0000 SR@0.1m(ref)=0.00% SPL@0.1m(ref)=0.0000
[ZSON3 EVAL] 2/56 scene=bCPU9suPUw9.basis episode=22 target=toilet success=0 spl=0.0000 reason=max_steps_reached steps=488 runtime=239.3s SR=0.00% (0/2) mean_SPL=0.0000 SR@0.1m(ref)=0.00% SPL@0.1m(ref)=0.0000
[ZSON3 EVAL] 3/56 scene=eF36g7L6Z9M.basis episode=1 target=tv_monitor success=1 spl=0.3922 reason=object_found steps=163 runtime=89.0s SR=33.33% (1/3) mean_SPL=0.1307 SR@0.1m(ref)=33.33% SPL@0.1m(ref)=0.1307
[ZSON3 EVAL] 4/56 scene=BAbdmeyTvMZ.basis episode=4 target=bed success=1 spl=0.3477 reason=object_found steps=223 runtime=206.6s SR=50.00% (2/4) mean_SPL=0.1850 SR@0.1m(ref)=25.00% SPL@0.1m(ref)=0.0980
[ZSON3 EVAL] 5/56 scene=eF36g7L6Z9M.basis episode=20 target=bed success=0 spl=0.0000 reason=robot_stuck steps=225 runtime=133.5s SR=40.00% (2/5) mean_SPL=0.1480 SR@0.1m(ref)=20.00% SPL@0.1m(ref)=0.0784
[ZSON3 EVAL] 6/56 scene=mv2HUxq3B53.basis episode=2 target=bed success=0 spl=0.0000 reason=robot_stuck steps=390 runtime=504.4s SR=33.33% (2/6) mean_SPL=0.1233 SR@0.1m(ref)=16.67% SPL@0.1m(ref)=0.0654
[ZSON3 EVAL] 7/56 scene=7MXmsvcQjpJ.basis episode=19 target=toilet success=0 spl=0.0000 reason=max_steps_reached steps=493 runtime=311.4s SR=28.57% (2/7) mean_SPL=0.1057 SR@0.1m(ref)=14.29% SPL@0.1m(ref)=0.0560
[ZSON3 EVAL] 8/56 scene=DYehNKdT76V.basis episode=14 target=bed success=1 spl=0.7617 reason=object_found steps=139 runtime=92.5s SR=37.50% (3/8) mean_SPL=0.1877 SR@0.1m(ref)=12.50% SPL@0.1m(ref)=0.0490
[ZSON3 EVAL] 9/56 scene=GLAQ4DNUx5U.basis episode=13 target=toilet success=0 spl=0.0000 reason=max_steps_reached steps=496 runtime=266.2s SR=33.33% (3/9) mean_SPL=0.1668 SR@0.1m(ref)=11.11% SPL@0.1m(ref)=0.0436
[ZSON3 EVAL] 10/56 scene=LT9Jq6dN3Ea.basis episode=15 target=toilet success=1 spl=0.2690 reason=object_found steps=197 runtime=94.7s SR=40.00% (4/10) mean_SPL=0.1771 SR@0.1m(ref)=20.00% SPL@0.1m(ref)=0.0661
[ZSON3 EVAL] 11/56 scene=Nfvxx8J5NCo.basis episode=14 target=toilet success=0 spl=0.0000 reason=max_steps_reached steps=498 runtime=346.1s SR=36.36% (4/11) mean_SPL=0.1610 SR@0.1m(ref)=18.18% SPL@0.1m(ref)=0.0601
[ZSON3 EVAL] 12/56 scene=TEEsavR23oF.basis episode=13 target=toilet success=0 spl=0.0000 reason=max_steps_reached steps=500 runtime=442.6s SR=33.33% (4/12) mean_SPL=0.1475 SR@0.1m(ref)=16.67% SPL@0.1m(ref)=0.0551
[ZSON3 EVAL] 13/56 scene=XB4GS9ShBRE.basis episode=7 target=toilet success=0 spl=0.0000 reason=max_steps_reached steps=487 runtime=292.0s SR=30.77% (4/13) mean_SPL=0.1362 SR@0.1m(ref)=15.38% SPL@0.1m(ref)=0.0509
[ZSON3 EVAL] 14/56 scene=eF36g7L6Z9M.basis episode=18 target=toilet success=1 spl=0.2394 reason=max_steps_reached steps=500 runtime=942.8s SR=35.71% (5/14) mean_SPL=0.1436 SR@0.1m(ref)=14.29% SPL@0.1m(ref)=0.0472
[ZSON3 EVAL] 15/56 scene=h1zeeAwLh9Z.basis episode=11 target=toilet success=0 spl=0.0000 reason=no_frontiers steps=387 runtime=258.2s SR=33.33% (5/15) mean_SPL=0.1340 SR@0.1m(ref)=13.33% SPL@0.1m(ref)=0.0441
[ZSON3 EVAL] 16/56 scene=p53SfW6mjZe.basis episode=8 target=toilet success=0 spl=0.0000 reason=max_steps_reached steps=495 runtime=697.0s SR=31.25% (5/16) mean_SPL=0.1256 SR@0.1m(ref)=12.50% SPL@0.1m(ref)=0.0413
[ZSON3 EVAL] 17/56 scene=q5QZSEeHe5g.basis episode=4 target=toilet success=0 spl=0.0000 reason=max_steps_reached steps=489 runtime=421.3s SR=29.41% (5/17) mean_SPL=0.1182 SR@0.1m(ref)=11.76% SPL@0.1m(ref)=0.0389
[ZSON3 EVAL] 18/56 scene=wcojb4TFT35.basis episode=7 target=toilet success=0 spl=0.0000 reason=max_steps_reached steps=496 runtime=311.4s SR=27.78% (5/18) mean_SPL=0.1117 SR@0.1m(ref)=11.11% SPL@0.1m(ref)=0.0367
[ZSON3 EVAL] 19/56 scene=6s7QHgap2fW.basis episode=10 target=tv_monitor success=0 spl=0.0000 reason=max_steps_reached steps=500 runtime=268.8s SR=26.32% (5/19) mean_SPL=0.1058 SR@0.1m(ref)=10.53% SPL@0.1m(ref)=0.0348
[ZSON3 EVAL] 20/56 scene=BAbdmeyTvMZ.basis episode=1 target=tv_monitor success=0 spl=0.0000 reason=max_steps_reached steps=491 runtime=508.0s SR=25.00% (5/20) mean_SPL=0.1005 SR@0.1m(ref)=10.00% SPL@0.1m(ref)=0.0331
[ZSON3 EVAL] 21/56 scene=HY1NcmCgn3n.basis episode=10 target=tv_monitor success=0 spl=0.0000 reason=max_steps_reached steps=496 runtime=848.8s SR=23.81% (5/21) mean_SPL=0.0957 SR@0.1m(ref)=9.52% SPL@0.1m(ref)=0.0315
[ZSON3 EVAL] 22/56 scene=HY1NcmCgn3n.basis episode=17 target=tv_monitor success=0 spl=0.0000 reason=max_steps_reached steps=497 runtime=504.8s SR=22.73% (5/22) mean_SPL=0.0914 SR@0.1m(ref)=9.09% SPL@0.1m(ref)=0.0301
[ZSON3 EVAL] 23/56 scene=7MXmsvcQjpJ.basis episode=14 target=plant success=0 spl=0.0000 reason=max_steps_reached steps=486 runtime=372.4s SR=21.74% (5/23) mean_SPL=0.0874 SR@0.1m(ref)=8.70% SPL@0.1m(ref)=0.0287
[ZSON3 EVAL] 24/56 scene=CrMo8WxCyVb.basis episode=0 target=plant success=0 spl=0.0000 reason=false_positive steps=381 runtime=293.7s SR=20.83% (5/24) mean_SPL=0.0838 SR@0.1m(ref)=8.33% SPL@0.1m(ref)=0.0275
[ZSON3 EVAL] 25/56 scene=mv2HUxq3B53.basis episode=27 target=plant success=1 spl=0.1570 reason=object_found steps=297 runtime=335.9s SR=24.00% (6/25) mean_SPL=0.0867 SR@0.1m(ref)=12.00% SPL@0.1m(ref)=0.0327
[ZSON3 EVAL] 26/56 scene=wcojb4TFT35.basis episode=10 target=plant success=0 spl=0.0000 reason=max_steps_reached steps=495 runtime=254.3s SR=23.08% (6/26) mean_SPL=0.0833 SR@0.1m(ref)=11.54% SPL@0.1m(ref)=0.0315
[ZSON3 EVAL] 27/56 scene=p53SfW6mjZe.basis episode=18 target=chair success=0 spl=0.0000 reason=false_positive steps=96 runtime=136.7s SR=22.22% (6/27) mean_SPL=0.0803 SR@0.1m(ref)=11.11% SPL@0.1m(ref)=0.0303
[ZSON3 EVAL] 28/56 scene=bCPU9suPUw9.basis episode=21 target=sofa success=0 spl=0.0000 reason=max_steps_reached steps=492 runtime=284.7s SR=21.43% (6/28) mean_SPL=0.0774 SR@0.1m(ref)=10.71% SPL@0.1m(ref)=0.0292
[ZSON3 EVAL] 29/56 scene=mv2HUxq3B53.basis episode=12 target=bed success=1 spl=0.3499 reason=object_found steps=73 runtime=150.2s SR=24.14% (7/29) mean_SPL=0.0868 SR@0.1m(ref)=13.79% SPL@0.1m(ref)=0.0403
[ZSON3 EVAL] 30/56 scene=BAbdmeyTvMZ.basis episode=2 target=bed success=0 spl=0.0000 reason=false_positive steps=414 runtime=317.3s SR=23.33% (7/30) mean_SPL=0.0839 SR@0.1m(ref)=13.33% SPL@0.1m(ref)=0.0389
[ZSON3 EVAL] 31/56 scene=eF36g7L6Z9M.basis episode=2 target=bed success=1 spl=0.2393 reason=object_found steps=158 runtime=106.7s SR=25.81% (8/31) mean_SPL=0.0889 SR@0.1m(ref)=16.13% SPL@0.1m(ref)=0.0454
[ZSON3 EVAL] 32/56 scene=DYehNKdT76V.basis episode=10 target=bed success=1 spl=0.4933 reason=object_found steps=326 runtime=212.0s SR=28.12% (9/32) mean_SPL=0.1015 SR@0.1m(ref)=15.62% SPL@0.1m(ref)=0.0440
[ZSON3 EVAL] 33/56 scene=p53SfW6mjZe.basis episode=4 target=chair success=1 spl=0.4249 reason=object_found steps=157 runtime=460.7s SR=30.30% (10/33) mean_SPL=0.1113 SR@0.1m(ref)=18.18% SPL@0.1m(ref)=0.0555
[ZSON3 EVAL] 34/56 scene=mv2HUxq3B53.basis episode=19 target=plant success=0 spl=0.0000 reason=max_steps_reached steps=500 runtime=707.9s SR=29.41% (10/34) mean_SPL=0.1081 SR@0.1m(ref)=17.65% SPL@0.1m(ref)=0.0539
[ZSON3 EVAL] 35/56 scene=DYehNKdT76V.basis episode=5 target=plant success=1 spl=0.1115 reason=max_steps_reached steps=500 runtime=312.7s SR=31.43% (11/35) mean_SPL=0.1082 SR@0.1m(ref)=17.14% SPL@0.1m(ref)=0.0524
[ZSON3 EVAL] 36/56 scene=CrMo8WxCyVb.basis episode=11 target=plant success=0 spl=0.0000 reason=false_positive steps=77 runtime=52.9s SR=30.56% (11/36) mean_SPL=0.1052 SR@0.1m(ref)=16.67% SPL@0.1m(ref)=0.0509
[ZSON3 EVAL] 37/56 scene=mv2HUxq3B53.basis episode=7 target=plant success=1 spl=0.1264 reason=object_found steps=253 runtime=249.9s SR=32.43% (12/37) mean_SPL=0.1057 SR@0.1m(ref)=18.92% SPL@0.1m(ref)=0.0529
[ZSON3 EVAL] 38/56 scene=bCPU9suPUw9.basis episode=20 target=sofa success=1 spl=0.7473 reason=object_found steps=39 runtime=37.7s SR=34.21% (13/38) mean_SPL=0.1226 SR@0.1m(ref)=21.05% SPL@0.1m(ref)=0.0712
[ZSON3 EVAL] 39/56 scene=Nfvxx8J5NCo.basis episode=5 target=toilet success=1 spl=0.5821 reason=object_found steps=35 runtime=24.5s SR=35.90% (14/39) mean_SPL=0.1344 SR@0.1m(ref)=20.51% SPL@0.1m(ref)=0.0694
[ZSON3 EVAL] 40/56 scene=7MXmsvcQjpJ.basis episode=6 target=toilet success=1 spl=0.3533 reason=object_found steps=271 runtime=153.2s SR=37.50% (15/40) mean_SPL=0.1399 SR@0.1m(ref)=22.50% SPL@0.1m(ref)=0.0765
[ZSON3 EVAL] 41/56 scene=p53SfW6mjZe.basis episode=2 target=toilet success=1 spl=0.8684 reason=object_found steps=74 runtime=48.3s SR=39.02% (16/41) mean_SPL=0.1576 SR@0.1m(ref)=21.95% SPL@0.1m(ref)=0.0746
[ZSON3 EVAL] 42/56 scene=wcojb4TFT35.basis episode=8 target=toilet success=1 spl=0.3512 reason=object_found steps=147 runtime=69.9s SR=40.48% (17/42) mean_SPL=0.1623 SR@0.1m(ref)=21.43% SPL@0.1m(ref)=0.0728
[ZSON3 EVAL] 43/56 scene=bCPU9suPUw9.basis episode=14 target=toilet success=1 spl=0.5997 reason=object_found steps=110 runtime=63.0s SR=41.86% (18/43) mean_SPL=0.1724 SR@0.1m(ref)=23.26% SPL@0.1m(ref)=0.0851
[ZSON3 EVAL] 44/56 scene=BAbdmeyTvMZ.basis episode=15 target=toilet success=1 spl=0.0594 reason=object_found steps=443 runtime=300.7s SR=43.18% (19/44) mean_SPL=0.1699 SR@0.1m(ref)=22.73% SPL@0.1m(ref)=0.0832
[ZSON3 EVAL] 45/56 scene=GLAQ4DNUx5U.basis episode=7 target=toilet success=0 spl=0.0000 reason=max_steps_reached steps=495 runtime=460.7s SR=42.22% (19/45) mean_SPL=0.1661 SR@0.1m(ref)=22.22% SPL@0.1m(ref)=0.0813
[ZSON3 EVAL] 46/56 scene=LT9Jq6dN3Ea.basis episode=18 target=toilet success=1 spl=0.2195 reason=object_found steps=223 runtime=153.8s SR=43.48% (20/46) mean_SPL=0.1672 SR@0.1m(ref)=21.74% SPL@0.1m(ref)=0.0795
[ZSON3 EVAL] 47/56 scene=eF36g7L6Z9M.basis episode=26 target=toilet success=0 spl=0.0000 reason=max_steps_reached steps=493 runtime=365.9s SR=42.55% (20/47) mean_SPL=0.1637 SR@0.1m(ref)=21.28% SPL@0.1m(ref)=0.0779
[ZSON3 EVAL] 48/56 scene=bCPU9suPUw9.basis episode=26 target=toilet success=1 spl=0.4473 reason=object_found steps=262 runtime=124.1s SR=43.75% (21/48) mean_SPL=0.1696 SR@0.1m(ref)=20.83% SPL@0.1m(ref)=0.0762
[ZSON3 EVAL] 49/56 scene=GLAQ4DNUx5U.basis episode=25 target=toilet success=0 spl=0.0000 reason=max_steps_reached steps=500 runtime=317.3s SR=42.86% (21/49) mean_SPL=0.1661 SR@0.1m(ref)=20.41% SPL@0.1m(ref)=0.0747
[ZSON3 EVAL] 50/56 scene=LT9Jq6dN3Ea.basis episode=27 target=toilet success=0 spl=0.0000 reason=max_steps_reached steps=491 runtime=358.6s SR=42.00% (21/50) mean_SPL=0.1628 SR@0.1m(ref)=20.00% SPL@0.1m(ref)=0.0732
[ZSON3 EVAL] 51/56 scene=q5QZSEeHe5g.basis episode=12 target=toilet success=0 spl=0.0000 reason=max_steps_reached steps=496 runtime=536.5s SR=41.18% (21/51) mean_SPL=0.1596 SR@0.1m(ref)=19.61% SPL@0.1m(ref)=0.0717
[ZSON3 EVAL] 52/56 scene=svBbv1Pavdk.basis episode=4 target=tv_monitor success=0 spl=0.0000 reason=max_steps_reached steps=499 runtime=389.4s SR=40.38% (21/52) mean_SPL=0.1565 SR@0.1m(ref)=19.23% SPL@0.1m(ref)=0.0704
[ZSON3 EVAL] 53/56 scene=Nfvxx8J5NCo.basis episode=22 target=tv_monitor success=0 spl=0.0000 reason=false_positive steps=210 runtime=159.8s SR=39.62% (21/53) mean_SPL=0.1536 SR@0.1m(ref)=18.87% SPL@0.1m(ref)=0.0690
[ZSON3 EVAL] 54/56 scene=QaLdnwvtxbs.basis episode=11 target=tv_monitor success=1 spl=0.2958 reason=object_found steps=43 runtime=34.2s SR=40.74% (22/54) mean_SPL=0.1562 SR@0.1m(ref)=18.52% SPL@0.1m(ref)=0.0678
[ZSON3 EVAL] 55/56 scene=4ok3usBNeis.basis episode=24 target=tv_monitor success=0 spl=0.0000 reason=max_steps_reached steps=500 runtime=328.1s SR=40.00% (22/55) mean_SPL=0.1534 SR@0.1m(ref)=18.18% SPL@0.1m(ref)=0.0665
[ZSON3 EVAL] 56/56 scene=eF36g7L6Z9M.basis episode=5 target=tv_monitor success=0 spl=0.0000 reason=max_steps_reached steps=471 runtime=166.6s SR=39.29% (22/56) mean_SPL=0.1506 SR@0.1m(ref)=17.86% SPL@0.1m(ref)=0.0653
[ZSON3 SUMMARY] episodes=56 SR=39.29% SPL=0.1506 SR@0.1m(ref)=17.86% SPL@0.1m(ref)=0.0653 exceptions=0
