[ZSON3 LAUNCH] target_closure_v0 probe64 run_id=ofbase_target_closure_v0_probe64_seed20260727 manifest_sha256=175d96e14341aa6c73e7178e4c5b654492716081c5d39cf92831b443a551af4e
[ZSON3 EVAL] start dataset=HM3Dv2-val seed=20260727 episodes=64 mode=explicit_manifest resume_from=0 qwen_attention=unknown
[ZSON3 EVAL] 1/64 scene=6s7QHgap2fW.basis episode=3 target=toilet success=0 spl=0.0000 reason=false_positive steps=136 runtime=88.9s SR=0.00% (0/1) mean_SPL=0.0000 SR@0.1m(ref)=0.00% SPL@0.1m(ref)=0.0000
[ZSON3 EVAL] 2/64 scene=eF36g7L6Z9M.basis episode=9 target=sofa success=0 spl=0.0000 reason=false_positive steps=7 runtime=9.8s SR=0.00% (0/2) mean_SPL=0.0000 SR@0.1m(ref)=0.00% SPL@0.1m(ref)=0.0000
[ZSON3 EVAL] 3/64 scene=mv2HUxq3B53.basis episode=23 target=tv_monitor success=0 spl=0.0000 reason=false_positive steps=16 runtime=13.1s SR=0.00% (0/3) mean_SPL=0.0000 SR@0.1m(ref)=0.00% SPL@0.1m(ref)=0.0000
[ZSON3 EVAL] 4/64 scene=mL8ThkuaVTM.basis episode=3 target=plant success=0 spl=0.0000 reason=false_positive steps=19 runtime=27.7s SR=0.00% (0/4) mean_SPL=0.0000 SR@0.1m(ref)=0.00% SPL@0.1m(ref)=0.0000
[ZSON3 EVAL] 5/64 scene=q3zU7Yy5E5s.basis episode=0 target=bed success=0 spl=0.0000 reason=false_positive steps=12 runtime=16.1s SR=0.00% (0/5) mean_SPL=0.0000 SR@0.1m(ref)=0.00% SPL@0.1m(ref)=0.0000
[ZSON3 EVAL] 6/64 scene=7MXmsvcQjpJ.basis episode=10 target=chair success=0 spl=0.0000 reason=false_positive steps=63 runtime=34.8s SR=0.00% (0/6) mean_SPL=0.0000 SR@0.1m(ref)=0.00% SPL@0.1m(ref)=0.0000
[ZSON3 EVAL] 7/64 scene=svBbv1Pavdk.basis episode=2 target=toilet success=0 spl=0.0000 reason=max_steps_reached steps=494 runtime=378.2s SR=0.00% (0/7) mean_SPL=0.0000 SR@0.1m(ref)=0.00% SPL@0.1m(ref)=0.0000
[ZSON3 EVAL] 8/64 scene=ziup5kvtCCR.basis episode=15 target=sofa success=0 spl=0.0000 reason=false_positive steps=317 runtime=205.4s SR=0.00% (0/8) mean_SPL=0.0000 SR@0.1m(ref)=0.00% SPL@0.1m(ref)=0.0000
[ZSON3 EVAL] 9/64 scene=yr17PDCnDDW.basis episode=27 target=tv_monitor success=0 spl=0.0000 reason=max_steps_reached steps=491 runtime=1284.6s SR=0.00% (0/9) mean_SPL=0.0000 SR@0.1m(ref)=0.00% SPL@0.1m(ref)=0.0000
[ZSON3 EVAL] 10/64 scene=q5QZSEeHe5g.basis episode=26 target=plant success=0 spl=0.0000 reason=false_positive steps=420 runtime=304.9s SR=0.00% (0/10) mean_SPL=0.0000 SR@0.1m(ref)=0.00% SPL@0.1m(ref)=0.0000
[ZSON3 EVAL] 11/64 scene=MHPLjHsuG27.basis episode=25 target=bed success=0 spl=0.0000 reason=max_steps_reached steps=481 runtime=306.6s SR=0.00% (0/11) mean_SPL=0.0000 SR@0.1m(ref)=0.00% SPL@0.1m(ref)=0.0000
[ZSON3 EVAL] 12/64 scene=bxsVRursffK.basis episode=7 target=chair success=0 spl=0.0000 reason=max_steps_reached steps=498 runtime=344.5s SR=0.00% (0/12) mean_SPL=0.0000 SR@0.1m(ref)=0.00% SPL@0.1m(ref)=0.0000
[ZSON3 EVAL] 13/64 scene=QaLdnwvtxbs.basis episode=27 target=tv_monitor success=1 spl=0.2979 reason=object_found steps=87 runtime=54.8s SR=7.69% (1/13) mean_SPL=0.0229 SR@0.1m(ref)=0.00% SPL@0.1m(ref)=0.0000
[ZSON3 EVAL] 14/64 scene=MHPLjHsuG27.basis episode=26 target=bed success=0 spl=0.0000 reason=false_positive steps=7 runtime=14.2s SR=7.14% (1/14) mean_SPL=0.0213 SR@0.1m(ref)=0.00% SPL@0.1m(ref)=0.0000
[ZSON3 EVAL] 15/64 scene=HY1NcmCgn3n.basis episode=3 target=plant success=0 spl=0.0000 reason=false_positive steps=241 runtime=213.4s SR=6.67% (1/15) mean_SPL=0.0199 SR@0.1m(ref)=0.00% SPL@0.1m(ref)=0.0000
[ZSON3 EVAL] 16/64 scene=Dd4bFSTQ8gi.basis episode=1 target=chair success=0 spl=0.0000 reason=false_positive steps=23 runtime=27.9s SR=6.25% (1/16) mean_SPL=0.0186 SR@0.1m(ref)=0.00% SPL@0.1m(ref)=0.0000
[ZSON3 EVAL] 17/64 scene=qyAac8rV8Zk.basis episode=16 target=sofa success=1 spl=0.7504 reason=object_found steps=22 runtime=20.6s SR=11.76% (2/17) mean_SPL=0.0617 SR@0.1m(ref)=5.88% SPL@0.1m(ref)=0.0441
[ZSON3 EVAL] 18/64 scene=4ok3usBNeis.basis episode=0 target=bed success=1 spl=0.2043 reason=object_found steps=237 runtime=162.8s SR=16.67% (3/18) mean_SPL=0.0696 SR@0.1m(ref)=11.11% SPL@0.1m(ref)=0.0530
[ZSON3 EVAL] 19/64 scene=cvZr5TUy5C5.basis episode=16 target=plant success=0 spl=0.0000 reason=max_steps_reached steps=499 runtime=410.7s SR=15.79% (3/19) mean_SPL=0.0659 SR@0.1m(ref)=10.53% SPL@0.1m(ref)=0.0502
[ZSON3 EVAL] 20/64 scene=TEEsavR23oF.basis episode=26 target=chair success=1 spl=0.5132 reason=object_found steps=63 runtime=63.3s SR=20.00% (4/20) mean_SPL=0.0883 SR@0.1m(ref)=15.00% SPL@0.1m(ref)=0.0734
[ZSON3 EVAL] 21/64 scene=yr17PDCnDDW.basis episode=17 target=sofa success=1 spl=0.2921 reason=object_found steps=248 runtime=430.7s SR=23.81% (5/21) mean_SPL=0.0980 SR@0.1m(ref)=14.29% SPL@0.1m(ref)=0.0699
[ZSON3 EVAL] 22/64 scene=q3zU7Yy5E5s.basis episode=1 target=bed success=0 spl=0.0000 reason=false_positive steps=77 runtime=36.4s SR=22.73% (5/22) mean_SPL=0.0935 SR@0.1m(ref)=13.64% SPL@0.1m(ref)=0.0667
[ZSON3 EVAL] 23/64 scene=eF36g7L6Z9M.basis episode=8 target=plant success=0 spl=0.0000 reason=max_steps_reached steps=500 runtime=326.8s SR=21.74% (5/23) mean_SPL=0.0895 SR@0.1m(ref)=13.04% SPL@0.1m(ref)=0.0638
[ZSON3 EVAL] 24/64 scene=mv2HUxq3B53.basis episode=6 target=chair success=0 spl=0.0000 reason=false_positive steps=172 runtime=111.1s SR=20.83% (5/24) mean_SPL=0.0857 SR@0.1m(ref)=12.50% SPL@0.1m(ref)=0.0612
[ZSON3 EVAL] 25/64 scene=svBbv1Pavdk.basis episode=20 target=chair success=0 spl=0.0000 reason=max_steps_reached steps=482 runtime=228.4s SR=20.00% (5/25) mean_SPL=0.0823 SR@0.1m(ref)=12.00% SPL@0.1m(ref)=0.0587
[ZSON3 EVAL] 26/64 scene=ziup5kvtCCR.basis episode=0 target=plant success=1 spl=0.1731 reason=object_found steps=249 runtime=210.7s SR=23.08% (6/26) mean_SPL=0.0858 SR@0.1m(ref)=15.38% SPL@0.1m(ref)=0.0631
[ZSON3 EVAL] 27/64 scene=qyAac8rV8Zk.basis episode=25 target=bed success=0 spl=0.0000 reason=max_steps_reached steps=477 runtime=296.6s SR=22.22% (6/27) mean_SPL=0.0826 SR@0.1m(ref)=14.81% SPL@0.1m(ref)=0.0608
[ZSON3 EVAL] 28/64 scene=zt1RVoi7PcG.basis episode=17 target=tv_monitor success=0 spl=0.0000 reason=max_steps_reached steps=479 runtime=335.5s SR=21.43% (6/28) mean_SPL=0.0797 SR@0.1m(ref)=14.29% SPL@0.1m(ref)=0.0586
[ZSON3 EVAL] 29/64 scene=a8BtkwhxdRV.basis episode=17 target=toilet success=0 spl=0.0000 reason=robot_stuck steps=259 runtime=108.7s SR=20.69% (6/29) mean_SPL=0.0769 SR@0.1m(ref)=13.79% SPL@0.1m(ref)=0.0566
[ZSON3 EVAL] 30/64 scene=k1cupFYWXJ6.basis episode=1 target=sofa success=0 spl=0.0000 reason=max_steps_reached steps=498 runtime=285.7s SR=20.00% (6/30) mean_SPL=0.0744 SR@0.1m(ref)=13.33% SPL@0.1m(ref)=0.0547
[ZSON3 EVAL] 31/64 scene=qyAac8rV8Zk.basis episode=17 target=bed success=1 spl=0.3423 reason=object_found steps=64 runtime=52.3s SR=22.58% (7/31) mean_SPL=0.0830 SR@0.1m(ref)=12.90% SPL@0.1m(ref)=0.0529
[ZSON3 EVAL] 32/64 scene=p53SfW6mjZe.basis episode=19 target=tv_monitor success=0 spl=0.0000 reason=max_steps_reached steps=498 runtime=316.7s SR=21.88% (7/32) mean_SPL=0.0804 SR@0.1m(ref)=12.50% SPL@0.1m(ref)=0.0513
[ZSON3 EVAL] 33/64 scene=svBbv1Pavdk.basis episode=4 target=tv_monitor success=1 spl=0.7490 reason=object_found steps=18 runtime=18.0s SR=24.24% (8/33) mean_SPL=0.1007 SR@0.1m(ref)=15.15% SPL@0.1m(ref)=0.0724
[ZSON3 EVAL] 34/64 scene=VBzV5z6i1WS.basis episode=13 target=chair success=1 spl=0.1182 reason=object_found steps=147 runtime=107.5s SR=26.47% (9/34) mean_SPL=0.1012 SR@0.1m(ref)=17.65% SPL@0.1m(ref)=0.0738
[ZSON3 EVAL] 35/64 scene=HY1NcmCgn3n.basis episode=6 target=plant success=0 spl=0.0000 reason=max_steps_reached steps=500 runtime=574.5s SR=25.71% (9/35) mean_SPL=0.0983 SR@0.1m(ref)=17.14% SPL@0.1m(ref)=0.0717
[ZSON3 EVAL] 36/64 scene=4ok3usBNeis.basis episode=5 target=toilet success=1 spl=0.8307 reason=object_found steps=77 runtime=48.4s SR=27.78% (10/36) mean_SPL=0.1186 SR@0.1m(ref)=19.44% SPL@0.1m(ref)=0.0927
[ZSON3 EVAL] 37/64 scene=cvZr5TUy5C5.basis episode=27 target=bed success=1 spl=0.8184 reason=object_found steps=26 runtime=19.7s SR=29.73% (11/37) mean_SPL=0.1376 SR@0.1m(ref)=21.62% SPL@0.1m(ref)=0.1124
[ZSON3 EVAL] 38/64 scene=5cdEh9F2hJL.basis episode=12 target=sofa success=1 spl=0.5547 reason=object_found steps=28 runtime=33.1s SR=31.58% (12/38) mean_SPL=0.1485 SR@0.1m(ref)=23.68% SPL@0.1m(ref)=0.1240
[ZSON3 EVAL] 39/64 scene=Nfvxx8J5NCo.basis episode=10 target=tv_monitor success=1 spl=0.2833 reason=object_found steps=232 runtime=151.8s SR=33.33% (13/39) mean_SPL=0.1520 SR@0.1m(ref)=23.08% SPL@0.1m(ref)=0.1208
[ZSON3 EVAL] 40/64 scene=CrMo8WxCyVb.basis episode=25 target=chair success=1 spl=0.2542 reason=object_found steps=249 runtime=256.8s SR=35.00% (14/40) mean_SPL=0.1545 SR@0.1m(ref)=25.00% SPL@0.1m(ref)=0.1242
[ZSON3 EVAL] 41/64 scene=eF36g7L6Z9M.basis episode=10 target=plant success=0 spl=0.0000 reason=max_steps_reached steps=488 runtime=658.3s SR=34.15% (14/41) mean_SPL=0.1508 SR@0.1m(ref)=24.39% SPL@0.1m(ref)=0.1211
[ZSON3 EVAL] 42/64 scene=6s7QHgap2fW.basis episode=25 target=toilet success=0 spl=0.0000 reason=false_positive steps=302 runtime=172.2s SR=33.33% (14/42) mean_SPL=0.1472 SR@0.1m(ref)=23.81% SPL@0.1m(ref)=0.1182
[ZSON3 EVAL] 43/64 scene=p53SfW6mjZe.basis episode=15 target=bed success=1 spl=0.1541 reason=object_found steps=490 runtime=393.8s SR=34.88% (15/43) mean_SPL=0.1473 SR@0.1m(ref)=25.58% SPL@0.1m(ref)=0.1191
[ZSON3 EVAL] 44/64 scene=mL8ThkuaVTM.basis episode=20 target=sofa success=0 spl=0.0000 reason=max_steps_reached steps=476 runtime=212.6s SR=34.09% (15/44) mean_SPL=0.1440 SR@0.1m(ref)=25.00% SPL@0.1m(ref)=0.1164
[ZSON3 EVAL] 45/64 scene=QaLdnwvtxbs.basis episode=3 target=tv_monitor success=1 spl=0.4473 reason=object_found steps=40 runtime=29.1s SR=35.56% (16/45) mean_SPL=0.1507 SR@0.1m(ref)=24.44% SPL@0.1m(ref)=0.1138
[ZSON3 EVAL] 46/64 scene=a8BtkwhxdRV.basis episode=11 target=plant success=1 spl=0.8453 reason=object_found steps=18 runtime=24.3s SR=36.96% (17/46) mean_SPL=0.1658 SR@0.1m(ref)=26.09% SPL@0.1m(ref)=0.1297
[ZSON3 EVAL] 47/64 scene=4ok3usBNeis.basis episode=1 target=toilet success=1 spl=0.6788 reason=object_found steps=62 runtime=36.0s SR=38.30% (18/47) mean_SPL=0.1768 SR@0.1m(ref)=27.66% SPL@0.1m(ref)=0.1414
[ZSON3 EVAL] 48/64 scene=Dd4bFSTQ8gi.basis episode=25 target=sofa success=1 spl=0.7333 reason=object_found steps=19 runtime=19.0s SR=39.58% (19/48) mean_SPL=0.1883 SR@0.1m(ref)=29.17% SPL@0.1m(ref)=0.1537
[ZSON3 EVAL] 49/64 scene=XB4GS9ShBRE.basis episode=10 target=bed success=1 spl=0.7457 reason=object_found steps=36 runtime=25.9s SR=40.82% (20/49) mean_SPL=0.1997 SR@0.1m(ref)=30.61% SPL@0.1m(ref)=0.1658
[ZSON3 EVAL] 50/64 scene=DYehNKdT76V.basis episode=9 target=chair success=1 spl=0.6497 reason=object_found steps=411 runtime=228.9s SR=42.00% (21/50) mean_SPL=0.2087 SR@0.1m(ref)=32.00% SPL@0.1m(ref)=0.1755
[ZSON3 EVAL] 51/64 scene=TEEsavR23oF.basis episode=21 target=tv_monitor success=1 spl=0.7925 reason=object_found steps=47 runtime=31.8s SR=43.14% (22/51) mean_SPL=0.2202 SR@0.1m(ref)=33.33% SPL@0.1m(ref)=0.1876
[ZSON3 EVAL] 52/64 scene=CrMo8WxCyVb.basis episode=11 target=plant success=1 spl=0.2444 reason=object_found steps=412 runtime=374.7s SR=44.23% (23/52) mean_SPL=0.2206 SR@0.1m(ref)=34.62% SPL@0.1m(ref)=0.1887
[ZSON3 EVAL] 53/64 scene=svBbv1Pavdk.basis episode=0 target=tv_monitor success=1 spl=0.8522 reason=object_found steps=23 runtime=29.5s SR=45.28% (24/53) mean_SPL=0.2326 SR@0.1m(ref)=35.85% SPL@0.1m(ref)=0.2012
[ZSON3 EVAL] 54/64 scene=k1cupFYWXJ6.basis episode=25 target=plant success=1 spl=0.2215 reason=object_found steps=48 runtime=39.8s SR=46.30% (25/54) mean_SPL=0.2323 SR@0.1m(ref)=35.19% SPL@0.1m(ref)=0.1974
[ZSON3 EVAL] 55/64 scene=cvZr5TUy5C5.basis episode=12 target=bed success=1 spl=0.5079 reason=object_found steps=21 runtime=21.0s SR=47.27% (26/55) mean_SPL=0.2374 SR@0.1m(ref)=36.36% SPL@0.1m(ref)=0.2031
[ZSON3 EVAL] 56/64 scene=BAbdmeyTvMZ.basis episode=21 target=toilet success=1 spl=0.0659 reason=object_found steps=462 runtime=290.9s SR=48.21% (27/56) mean_SPL=0.2343 SR@0.1m(ref)=37.50% SPL@0.1m(ref)=0.2006
[ZSON3 EVAL] 57/64 scene=bxsVRursffK.basis episode=15 target=sofa success=1 spl=0.7513 reason=object_found steps=30 runtime=34.4s SR=49.12% (28/57) mean_SPL=0.2434 SR@0.1m(ref)=38.60% SPL@0.1m(ref)=0.2103
[ZSON3 EVAL] 58/64 scene=7MXmsvcQjpJ.basis episode=9 target=chair success=1 spl=0.6717 reason=object_found steps=14 runtime=12.0s SR=50.00% (29/58) mean_SPL=0.2507 SR@0.1m(ref)=37.93% SPL@0.1m(ref)=0.2067
[ZSON3 EVAL] 59/64 scene=TEEsavR23oF.basis episode=24 target=tv_monitor success=1 spl=0.2077 reason=object_found steps=496 runtime=611.3s SR=50.85% (30/59) mean_SPL=0.2500 SR@0.1m(ref)=37.29% SPL@0.1m(ref)=0.2032
[ZSON3 EVAL] 60/64 scene=5cdEh9F2hJL.basis episode=11 target=plant success=1 spl=0.3026 reason=object_found steps=243 runtime=171.9s SR=51.67% (31/60) mean_SPL=0.2509 SR@0.1m(ref)=38.33% SPL@0.1m(ref)=0.2048
[ZSON3 EVAL] 61/64 scene=wcojb4TFT35.basis episode=16 target=bed success=1 spl=0.6661 reason=object_found steps=38 runtime=19.8s SR=52.46% (32/61) mean_SPL=0.2577 SR@0.1m(ref)=37.70% SPL@0.1m(ref)=0.2015
[ZSON3 EVAL] 62/64 scene=Nfvxx8J5NCo.basis episode=5 target=toilet success=1 spl=0.5821 reason=object_found steps=35 runtime=23.3s SR=53.23% (33/62) mean_SPL=0.2629 SR@0.1m(ref)=37.10% SPL@0.1m(ref)=0.1982
[ZSON3 EVAL] 63/64 scene=y9hTuugGdiq.basis episode=4 target=sofa success=1 spl=0.2208 reason=object_found steps=463 runtime=361.1s SR=53.97% (34/63) mean_SPL=0.2623 SR@0.1m(ref)=38.10% SPL@0.1m(ref)=0.1986
[ZSON3 EVAL] 64/64 scene=CrMo8WxCyVb.basis episode=26 target=chair success=1 spl=0.2722 reason=object_found steps=359 runtime=290.7s SR=54.69% (35/64) mean_SPL=0.2624 SR@0.1m(ref)=39.06% SPL@0.1m(ref)=0.1997
[ZSON3 SUMMARY] episodes=64 SR=54.69% SPL=0.2624 SR@0.1m(ref)=39.06% SPL@0.1m(ref)=0.1997 exceptions=0
